export	Set up job	ï»¿2026-02-16T11:57:04.4000078Z Current runner version: '2.331.0'
export	Set up job	2026-02-16T11:57:04.4022772Z ##[group]Runner Image Provisioner
export	Set up job	2026-02-16T11:57:04.4023852Z Hosted Compute Agent
export	Set up job	2026-02-16T11:57:04.4024427Z Version: 20260123.484
export	Set up job	2026-02-16T11:57:04.4025042Z Commit: 6bd6555ca37d84114959e1c76d2c01448ff61c5d
export	Set up job	2026-02-16T11:57:04.4025776Z Build Date: 2026-01-23T19:41:17Z
export	Set up job	2026-02-16T11:57:04.4026462Z Worker ID: {9ba2a2d6-30d7-4a31-b433-98a8b6326674}
export	Set up job	2026-02-16T11:57:04.4027167Z Azure Region: westcentralus
export	Set up job	2026-02-16T11:57:04.4027737Z ##[endgroup]
export	Set up job	2026-02-16T11:57:04.4029179Z ##[group]Operating System
export	Set up job	2026-02-16T11:57:04.4029752Z Ubuntu
export	Set up job	2026-02-16T11:57:04.4030218Z 24.04.3
export	Set up job	2026-02-16T11:57:04.4030776Z LTS
export	Set up job	2026-02-16T11:57:04.4031245Z ##[endgroup]
export	Set up job	2026-02-16T11:57:04.4031734Z ##[group]Runner Image
export	Set up job	2026-02-16T11:57:04.4032317Z Image: ubuntu-24.04
export	Set up job	2026-02-16T11:57:04.4032839Z Version: 20260209.23.1
export	Set up job	2026-02-16T11:57:04.4033976Z Included Software: https://github.com/actions/runner-images/blob/ubuntu24/20260209.23/images/ubuntu/Ubuntu2404-Readme.md
export	Set up job	2026-02-16T11:57:04.4035737Z Image Release: https://github.com/actions/runner-images/releases/tag/ubuntu24%2F20260209.23
export	Set up job	2026-02-16T11:57:04.4036627Z ##[endgroup]
export	Set up job	2026-02-16T11:57:04.4037766Z ##[group]GITHUB_TOKEN Permissions
export	Set up job	2026-02-16T11:57:04.4039547Z Contents: read
export	Set up job	2026-02-16T11:57:04.4040183Z Metadata: read
export	Set up job	2026-02-16T11:57:04.4040725Z Packages: write
export	Set up job	2026-02-16T11:57:04.4041197Z ##[endgroup]
export	Set up job	2026-02-16T11:57:04.4043146Z Secret source: Actions
export	Set up job	2026-02-16T11:57:04.4044049Z Prepare workflow directory
export	Set up job	2026-02-16T11:57:04.4581934Z Prepare all required actions
export	Set up job	2026-02-16T11:57:04.4618780Z Getting action download info
export	Set up job	2026-02-16T11:57:04.8898226Z Download action repository 'ublue-os/remove-unwanted-software@695eb75bc387dbcd9685a8e72d23439d8686cba6' (SHA:695eb75bc387dbcd9685a8e72d23439d8686cba6)
export	Set up job	2026-02-16T11:57:05.4431572Z Download action repository 'actions/checkout@34e114876b0b11c390a56381ad16ebd13914f8d5' (SHA:34e114876b0b11c390a56381ad16ebd13914f8d5)
export	Set up job	2026-02-16T11:57:05.4835428Z Download action repository 'actions/upload-artifact@ea165f8d65b6e75b540449e92b4886f43607fa02' (SHA:ea165f8d65b6e75b540449e92b4886f43607fa02)
export	Set up job	2026-02-16T11:57:05.7006419Z Complete job name: export
export	Free disk space	ï»¿2026-02-16T11:57:05.7635569Z ##[group]Run ublue-os/remove-unwanted-software@695eb75bc387dbcd9685a8e72d23439d8686cba6
export	Free disk space	2026-02-16T11:57:05.7636764Z with:
export	Free disk space	2026-02-16T11:57:05.7637193Z   extra-squeeze: false
export	Free disk space	2026-02-16T11:57:05.7637833Z env:
export	Free disk space	2026-02-16T11:57:05.7638238Z   IMAGE_NAME: egg
export	Free disk space	2026-02-16T11:57:05.7638686Z   IMAGE_REGISTRY: ghcr.io/hanthor
export	Free disk space	2026-02-16T11:57:05.7639858Z   BST2_IMAGE: registry.gitlab.com/freedesktop-sdk/infrastructure/freedesktop-sdk-docker-images/bst2:f89b4aef847ef040b345acceda15a850219eb8f1
export	Free disk space	2026-02-16T11:57:05.7641040Z   CACHE_GRPC_PORT: 9092
export	Free disk space	2026-02-16T11:57:05.7641493Z   CACHE_HTTP_PORT: 8080
export	Free disk space	2026-02-16T11:57:05.7641947Z ##[endgroup]
export	Free disk space	2026-02-16T11:57:05.7740121Z ##[group]Run echo "==> Available space before cleanup"
export	Free disk space	2026-02-16T11:57:05.7740987Z [36;1mecho "==> Available space before cleanup"[0m
export	Free disk space	2026-02-16T11:57:05.7741629Z [36;1mdf -h[0m
export	Free disk space	2026-02-16T11:57:05.7742075Z [36;1m# Remove swapfile (3gb)[0m
export	Free disk space	2026-02-16T11:57:05.7742694Z [36;1m# swapoff is required for arm, but not for x64?[0m
export	Free disk space	2026-02-16T11:57:05.7743498Z [36;1msudo swapoff -a || true; sudo rm -f /swapfile || true[0m
export	Free disk space	2026-02-16T11:57:05.7744561Z [36;1m# Remove toolchains, browsers[0m
export	Free disk space	2026-02-16T11:57:05.7745136Z [36;1mshopt -s nullglob[0m
export	Free disk space	2026-02-16T11:57:05.7745621Z [36;1mEXTRAPKG=""[0m
export	Free disk space	2026-02-16T11:57:05.7746100Z [36;1mif [ "false" = "true" ]; then[0m
export	Free disk space	2026-02-16T11:57:05.7746792Z [36;1m  # These have a lot of small files and are a bit slower to remove[0m
export	Free disk space	2026-02-16T11:57:05.7747641Z [36;1m  EXTRAPKG="/usr/share/miniconda /opt/hostedtoolcache"[0m
export	Free disk space	2026-02-16T11:57:05.7748277Z [36;1mfi[0m
export	Free disk space	2026-02-16T11:57:05.7748887Z [36;1mprintf '%s\0' /opt/PyPy /opt/az /opt/node/ /opt/pipx /opt/go /opt/Ruby \[0m
export	Free disk space	2026-02-16T11:57:05.7749879Z [36;1m    /usr/lib/llvm-* /usr/local/julia* /usr/local/lib/android /usr/share/dotnet \[0m
export	Free disk space	2026-02-16T11:57:05.7750938Z [36;1m    /usr/share/swift /usr/local/.ghcup /usr/lib/firefox /opt/google/chrome \[0m
export	Free disk space	2026-02-16T11:57:05.7752044Z [36;1m    /opt/microsoft/msedge $EXTRAPKG \[0m
export	Free disk space	2026-02-16T11:57:05.7752649Z [36;1m    | sudo xargs -0 -n1 -P4 rm -rf[0m
export	Free disk space	2026-02-16T11:57:05.7753265Z [36;1mecho "==> Available space after cleanup"[0m
export	Free disk space	2026-02-16T11:57:05.7754198Z [36;1mdf -h[0m
export	Free disk space	2026-02-16T11:57:05.7808379Z shell: /usr/bin/bash --noprofile --norc -e -o pipefail {0}
export	Free disk space	2026-02-16T11:57:05.7809141Z env:
export	Free disk space	2026-02-16T11:57:05.7809531Z   IMAGE_NAME: egg
export	Free disk space	2026-02-16T11:57:05.7810070Z   IMAGE_REGISTRY: ghcr.io/hanthor
export	Free disk space	2026-02-16T11:57:05.7811229Z   BST2_IMAGE: registry.gitlab.com/freedesktop-sdk/infrastructure/freedesktop-sdk-docker-images/bst2:f89b4aef847ef040b345acceda15a850219eb8f1
export	Free disk space	2026-02-16T11:57:05.7812394Z   CACHE_GRPC_PORT: 9092
export	Free disk space	2026-02-16T11:57:05.7812855Z   CACHE_HTTP_PORT: 8080
export	Free disk space	2026-02-16T11:57:05.7813298Z ##[endgroup]
export	Free disk space	2026-02-16T11:57:05.7950833Z ==> Available space before cleanup
export	Free disk space	2026-02-16T11:57:05.7967007Z Filesystem      Size  Used Avail Use% Mounted on
export	Free disk space	2026-02-16T11:57:05.7968104Z /dev/root       145G   53G   92G  37% /
export	Free disk space	2026-02-16T11:57:05.7968715Z tmpfs           7.9G   84K  7.9G   1% /dev/shm
export	Free disk space	2026-02-16T11:57:05.7969324Z tmpfs           3.2G 1000K  3.2G   1% /run
export	Free disk space	2026-02-16T11:57:05.7969916Z tmpfs           5.0M     0  5.0M   0% /run/lock
export	Free disk space	2026-02-16T11:57:05.7970600Z efivarfs        128M   32K  128M   1% /sys/firmware/efi/efivars
export	Free disk space	2026-02-16T11:57:05.7971276Z /dev/sda16      881M   63M  757M   8% /boot
export	Free disk space	2026-02-16T11:57:05.7971851Z /dev/sda15      105M  6.2M   99M   6% /boot/efi
export	Free disk space	2026-02-16T11:57:05.7972477Z tmpfs           1.6G   12K  1.6G   1% /run/user/1001
export	Free disk space	2026-02-16T11:57:26.1096101Z ==> Available space after cleanup
export	Free disk space	2026-02-16T11:57:26.1113015Z Filesystem      Size  Used Avail Use% Mounted on
export	Free disk space	2026-02-16T11:57:26.1116177Z /dev/root       145G   24G  121G  17% /
export	Free disk space	2026-02-16T11:57:26.1116813Z tmpfs           7.9G   84K  7.9G   1% /dev/shm
export	Free disk space	2026-02-16T11:57:26.1117544Z tmpfs           3.2G 1000K  3.2G   1% /run
export	Free disk space	2026-02-16T11:57:26.1119078Z tmpfs           5.0M     0  5.0M   0% /run/lock
export	Free disk space	2026-02-16T11:57:26.1119756Z efivarfs        128M   32K  128M   1% /sys/firmware/efi/efivars
export	Free disk space	2026-02-16T11:57:26.1120399Z /dev/sda16      881M   63M  757M   8% /boot
export	Free disk space	2026-02-16T11:57:26.1121485Z /dev/sda15      105M  6.2M   99M   6% /boot/efi
export	Free disk space	2026-02-16T11:57:26.1122065Z tmpfs           1.6G   12K  1.6G   1% /run/user/1001
export	Run actions/checkout@34e114876b0b11c390a56381ad16ebd13914f8d5	ï»¿2026-02-16T11:57:26.1304419Z ##[group]Run actions/checkout@34e114876b0b11c390a56381ad16ebd13914f8d5
export	Run actions/checkout@34e114876b0b11c390a56381ad16ebd13914f8d5	2026-02-16T11:57:26.1304868Z with:
export	Run actions/checkout@34e114876b0b11c390a56381ad16ebd13914f8d5	2026-02-16T11:57:26.1305100Z   repository: hanthor/egg
export	Run actions/checkout@34e114876b0b11c390a56381ad16ebd13914f8d5	2026-02-16T11:57:26.1305521Z   token: ***
export	Run actions/checkout@34e114876b0b11c390a56381ad16ebd13914f8d5	2026-02-16T11:57:26.1305745Z   ssh-strict: true
export	Run actions/checkout@34e114876b0b11c390a56381ad16ebd13914f8d5	2026-02-16T11:57:26.1306001Z   ssh-user: git
export	Run actions/checkout@34e114876b0b11c390a56381ad16ebd13914f8d5	2026-02-16T11:57:26.1306232Z   persist-credentials: true
export	Run actions/checkout@34e114876b0b11c390a56381ad16ebd13914f8d5	2026-02-16T11:57:26.1306486Z   clean: true
export	Run actions/checkout@34e114876b0b11c390a56381ad16ebd13914f8d5	2026-02-16T11:57:26.1306725Z   sparse-checkout-cone-mode: true
export	Run actions/checkout@34e114876b0b11c390a56381ad16ebd13914f8d5	2026-02-16T11:57:26.1307006Z   fetch-depth: 1
export	Run actions/checkout@34e114876b0b11c390a56381ad16ebd13914f8d5	2026-02-16T11:57:26.1307224Z   fetch-tags: false
export	Run actions/checkout@34e114876b0b11c390a56381ad16ebd13914f8d5	2026-02-16T11:57:26.1307451Z   show-progress: true
export	Run actions/checkout@34e114876b0b11c390a56381ad16ebd13914f8d5	2026-02-16T11:57:26.1307693Z   lfs: false
export	Run actions/checkout@34e114876b0b11c390a56381ad16ebd13914f8d5	2026-02-16T11:57:26.1307903Z   submodules: false
export	Run actions/checkout@34e114876b0b11c390a56381ad16ebd13914f8d5	2026-02-16T11:57:26.1308132Z   set-safe-directory: true
export	Run actions/checkout@34e114876b0b11c390a56381ad16ebd13914f8d5	2026-02-16T11:57:26.1308388Z env:
export	Run actions/checkout@34e114876b0b11c390a56381ad16ebd13914f8d5	2026-02-16T11:57:26.1308580Z   IMAGE_NAME: egg
export	Run actions/checkout@34e114876b0b11c390a56381ad16ebd13914f8d5	2026-02-16T11:57:26.1308814Z   IMAGE_REGISTRY: ghcr.io/hanthor
export	Run actions/checkout@34e114876b0b11c390a56381ad16ebd13914f8d5	2026-02-16T11:57:26.1309473Z   BST2_IMAGE: registry.gitlab.com/freedesktop-sdk/infrastructure/freedesktop-sdk-docker-images/bst2:f89b4aef847ef040b345acceda15a850219eb8f1
export	Run actions/checkout@34e114876b0b11c390a56381ad16ebd13914f8d5	2026-02-16T11:57:26.1310182Z   CACHE_GRPC_PORT: 9092
export	Run actions/checkout@34e114876b0b11c390a56381ad16ebd13914f8d5	2026-02-16T11:57:26.1310454Z   CACHE_HTTP_PORT: 8080
export	Run actions/checkout@34e114876b0b11c390a56381ad16ebd13914f8d5	2026-02-16T11:57:26.1310688Z ##[endgroup]
export	Run actions/checkout@34e114876b0b11c390a56381ad16ebd13914f8d5	2026-02-16T11:57:26.2382560Z Syncing repository: hanthor/egg
export	Run actions/checkout@34e114876b0b11c390a56381ad16ebd13914f8d5	2026-02-16T11:57:26.2384771Z ##[group]Getting Git version info
export	Run actions/checkout@34e114876b0b11c390a56381ad16ebd13914f8d5	2026-02-16T11:57:26.2385490Z Working directory is '/home/runner/work/egg/egg'
export	Run actions/checkout@34e114876b0b11c390a56381ad16ebd13914f8d5	2026-02-16T11:57:26.2386558Z [command]/usr/bin/git version
export	Run actions/checkout@34e114876b0b11c390a56381ad16ebd13914f8d5	2026-02-16T11:57:26.2405425Z git version 2.52.0
export	Run actions/checkout@34e114876b0b11c390a56381ad16ebd13914f8d5	2026-02-16T11:57:26.2502856Z ##[endgroup]
export	Run actions/checkout@34e114876b0b11c390a56381ad16ebd13914f8d5	2026-02-16T11:57:26.2509385Z Temporarily overriding HOME='/home/runner/work/_temp/929db777-a4d9-4b55-8d55-e4ae8cc8ef96' before making global git config changes
export	Run actions/checkout@34e114876b0b11c390a56381ad16ebd13914f8d5	2026-02-16T11:57:26.2511160Z Adding repository directory to the temporary git global config as a safe directory
export	Run actions/checkout@34e114876b0b11c390a56381ad16ebd13914f8d5	2026-02-16T11:57:26.2512266Z [command]/usr/bin/git config --global --add safe.directory /home/runner/work/egg/egg
export	Run actions/checkout@34e114876b0b11c390a56381ad16ebd13914f8d5	2026-02-16T11:57:26.2514031Z Deleting the contents of '/home/runner/work/egg/egg'
export	Run actions/checkout@34e114876b0b11c390a56381ad16ebd13914f8d5	2026-02-16T11:57:26.2515035Z ##[group]Initializing the repository
export	Run actions/checkout@34e114876b0b11c390a56381ad16ebd13914f8d5	2026-02-16T11:57:26.2515672Z [command]/usr/bin/git init /home/runner/work/egg/egg
export	Run actions/checkout@34e114876b0b11c390a56381ad16ebd13914f8d5	2026-02-16T11:57:26.2627594Z hint: Using 'master' as the name for the initial branch. This default branch name
export	Run actions/checkout@34e114876b0b11c390a56381ad16ebd13914f8d5	2026-02-16T11:57:26.2628737Z hint: will change to "main" in Git 3.0. To configure the initial branch name
export	Run actions/checkout@34e114876b0b11c390a56381ad16ebd13914f8d5	2026-02-16T11:57:26.2629465Z hint: to use in all of your new repositories, which will suppress this warning,
export	Run actions/checkout@34e114876b0b11c390a56381ad16ebd13914f8d5	2026-02-16T11:57:26.2629905Z hint: call:
export	Run actions/checkout@34e114876b0b11c390a56381ad16ebd13914f8d5	2026-02-16T11:57:26.2630113Z hint:
export	Run actions/checkout@34e114876b0b11c390a56381ad16ebd13914f8d5	2026-02-16T11:57:26.2630414Z hint: 	git config --global init.defaultBranch <name>
export	Run actions/checkout@34e114876b0b11c390a56381ad16ebd13914f8d5	2026-02-16T11:57:26.2630975Z hint:
export	Run actions/checkout@34e114876b0b11c390a56381ad16ebd13914f8d5	2026-02-16T11:57:26.2631602Z hint: Names commonly chosen instead of 'master' are 'main', 'trunk' and
export	Run actions/checkout@34e114876b0b11c390a56381ad16ebd13914f8d5	2026-02-16T11:57:26.2632709Z hint: 'development'. The just-created branch can be renamed via this command:
export	Run actions/checkout@34e114876b0b11c390a56381ad16ebd13914f8d5	2026-02-16T11:57:26.2633457Z hint:
export	Run actions/checkout@34e114876b0b11c390a56381ad16ebd13914f8d5	2026-02-16T11:57:26.2634103Z hint: 	git branch -m <name>
export	Run actions/checkout@34e114876b0b11c390a56381ad16ebd13914f8d5	2026-02-16T11:57:26.2634604Z hint:
export	Run actions/checkout@34e114876b0b11c390a56381ad16ebd13914f8d5	2026-02-16T11:57:26.2635297Z hint: Disable this message with "git config set advice.defaultBranchName false"
export	Run actions/checkout@34e114876b0b11c390a56381ad16ebd13914f8d5	2026-02-16T11:57:26.2636412Z Initialized empty Git repository in /home/runner/work/egg/egg/.git/
export	Run actions/checkout@34e114876b0b11c390a56381ad16ebd13914f8d5	2026-02-16T11:57:26.2645697Z [command]/usr/bin/git remote add origin https://github.com/hanthor/egg
export	Run actions/checkout@34e114876b0b11c390a56381ad16ebd13914f8d5	2026-02-16T11:57:26.2681910Z ##[endgroup]
export	Run actions/checkout@34e114876b0b11c390a56381ad16ebd13914f8d5	2026-02-16T11:57:26.2682699Z ##[group]Disabling automatic garbage collection
export	Run actions/checkout@34e114876b0b11c390a56381ad16ebd13914f8d5	2026-02-16T11:57:26.2687794Z [command]/usr/bin/git config --local gc.auto 0
export	Run actions/checkout@34e114876b0b11c390a56381ad16ebd13914f8d5	2026-02-16T11:57:26.2717473Z ##[endgroup]
export	Run actions/checkout@34e114876b0b11c390a56381ad16ebd13914f8d5	2026-02-16T11:57:26.2718228Z ##[group]Setting up auth
export	Run actions/checkout@34e114876b0b11c390a56381ad16ebd13914f8d5	2026-02-16T11:57:26.2725569Z [command]/usr/bin/git config --local --name-only --get-regexp core\.sshCommand
export	Run actions/checkout@34e114876b0b11c390a56381ad16ebd13914f8d5	2026-02-16T11:57:26.2757394Z [command]/usr/bin/git submodule foreach --recursive sh -c "git config --local --name-only --get-regexp 'core\.sshCommand' && git config --local --unset-all 'core.sshCommand' || :"
export	Run actions/checkout@34e114876b0b11c390a56381ad16ebd13914f8d5	2026-02-16T11:57:26.3110219Z [command]/usr/bin/git config --local --name-only --get-regexp http\.https\:\/\/github\.com\/\.extraheader
export	Run actions/checkout@34e114876b0b11c390a56381ad16ebd13914f8d5	2026-02-16T11:57:26.3139519Z [command]/usr/bin/git submodule foreach --recursive sh -c "git config --local --name-only --get-regexp 'http\.https\:\/\/github\.com\/\.extraheader' && git config --local --unset-all 'http.https://github.com/.extraheader' || :"
export	Run actions/checkout@34e114876b0b11c390a56381ad16ebd13914f8d5	2026-02-16T11:57:26.3373229Z [command]/usr/bin/git config --local --name-only --get-regexp ^includeIf\.gitdir:
export	Run actions/checkout@34e114876b0b11c390a56381ad16ebd13914f8d5	2026-02-16T11:57:26.3404256Z [command]/usr/bin/git submodule foreach --recursive git config --local --show-origin --name-only --get-regexp remote.origin.url
export	Run actions/checkout@34e114876b0b11c390a56381ad16ebd13914f8d5	2026-02-16T11:57:26.3637950Z [command]/usr/bin/git config --local http.https://github.com/.extraheader AUTHORIZATION: basic ***
export	Run actions/checkout@34e114876b0b11c390a56381ad16ebd13914f8d5	2026-02-16T11:57:26.3672280Z ##[endgroup]
export	Run actions/checkout@34e114876b0b11c390a56381ad16ebd13914f8d5	2026-02-16T11:57:26.3672781Z ##[group]Fetching the repository
export	Run actions/checkout@34e114876b0b11c390a56381ad16ebd13914f8d5	2026-02-16T11:57:26.3681682Z [command]/usr/bin/git -c protocol.version=2 fetch --no-tags --prune --no-recurse-submodules --depth=1 origin +cb0c38037d3578138aed1c12573902fe4c09a850:refs/remotes/pull/2/merge
export	Run actions/checkout@34e114876b0b11c390a56381ad16ebd13914f8d5	2026-02-16T11:57:27.0936532Z From https://github.com/hanthor/egg
export	Run actions/checkout@34e114876b0b11c390a56381ad16ebd13914f8d5	2026-02-16T11:57:27.0937241Z  * [new ref]         cb0c38037d3578138aed1c12573902fe4c09a850 -> pull/2/merge
export	Run actions/checkout@34e114876b0b11c390a56381ad16ebd13914f8d5	2026-02-16T11:57:27.0973001Z ##[endgroup]
export	Run actions/checkout@34e114876b0b11c390a56381ad16ebd13914f8d5	2026-02-16T11:57:27.0973385Z ##[group]Determining the checkout info
export	Run actions/checkout@34e114876b0b11c390a56381ad16ebd13914f8d5	2026-02-16T11:57:27.0975976Z ##[endgroup]
export	Run actions/checkout@34e114876b0b11c390a56381ad16ebd13914f8d5	2026-02-16T11:57:27.0981553Z [command]/usr/bin/git sparse-checkout disable
export	Run actions/checkout@34e114876b0b11c390a56381ad16ebd13914f8d5	2026-02-16T11:57:27.1022980Z [command]/usr/bin/git config --local --unset-all extensions.worktreeConfig
export	Run actions/checkout@34e114876b0b11c390a56381ad16ebd13914f8d5	2026-02-16T11:57:27.1050808Z ##[group]Checking out the ref
export	Run actions/checkout@34e114876b0b11c390a56381ad16ebd13914f8d5	2026-02-16T11:57:27.1055168Z [command]/usr/bin/git checkout --progress --force refs/remotes/pull/2/merge
export	Run actions/checkout@34e114876b0b11c390a56381ad16ebd13914f8d5	2026-02-16T11:57:27.1186500Z Note: switching to 'refs/remotes/pull/2/merge'.
export	Run actions/checkout@34e114876b0b11c390a56381ad16ebd13914f8d5	2026-02-16T11:57:27.1186937Z 
export	Run actions/checkout@34e114876b0b11c390a56381ad16ebd13914f8d5	2026-02-16T11:57:27.1187283Z You are in 'detached HEAD' state. You can look around, make experimental
export	Run actions/checkout@34e114876b0b11c390a56381ad16ebd13914f8d5	2026-02-16T11:57:27.1188109Z changes and commit them, and you can discard any commits you make in this
export	Run actions/checkout@34e114876b0b11c390a56381ad16ebd13914f8d5	2026-02-16T11:57:27.1188919Z state without impacting any branches by switching back to a branch.
export	Run actions/checkout@34e114876b0b11c390a56381ad16ebd13914f8d5	2026-02-16T11:57:27.1189412Z 
export	Run actions/checkout@34e114876b0b11c390a56381ad16ebd13914f8d5	2026-02-16T11:57:27.1189712Z If you want to create a new branch to retain commits you create, you may
export	Run actions/checkout@34e114876b0b11c390a56381ad16ebd13914f8d5	2026-02-16T11:57:27.1190431Z do so (now or later) by using -c with the switch command. Example:
export	Run actions/checkout@34e114876b0b11c390a56381ad16ebd13914f8d5	2026-02-16T11:57:27.1190853Z 
export	Run actions/checkout@34e114876b0b11c390a56381ad16ebd13914f8d5	2026-02-16T11:57:27.1191006Z   git switch -c <new-branch-name>
export	Run actions/checkout@34e114876b0b11c390a56381ad16ebd13914f8d5	2026-02-16T11:57:27.1191287Z 
export	Run actions/checkout@34e114876b0b11c390a56381ad16ebd13914f8d5	2026-02-16T11:57:27.1191433Z Or undo this operation with:
export	Run actions/checkout@34e114876b0b11c390a56381ad16ebd13914f8d5	2026-02-16T11:57:27.1191681Z 
export	Run actions/checkout@34e114876b0b11c390a56381ad16ebd13914f8d5	2026-02-16T11:57:27.1191820Z   git switch -
export	Run actions/checkout@34e114876b0b11c390a56381ad16ebd13914f8d5	2026-02-16T11:57:27.1192038Z 
export	Run actions/checkout@34e114876b0b11c390a56381ad16ebd13914f8d5	2026-02-16T11:57:27.1192302Z Turn off this advice by setting config variable advice.detachedHead to false
export	Run actions/checkout@34e114876b0b11c390a56381ad16ebd13914f8d5	2026-02-16T11:57:27.1192613Z 
export	Run actions/checkout@34e114876b0b11c390a56381ad16ebd13914f8d5	2026-02-16T11:57:27.1192947Z HEAD is now at cb0c380 Merge 0a66901646b1dce0763e9835bc22579db7232429 into 64741dbb8cfc41ef04228a075698457e4f2004aa
export	Run actions/checkout@34e114876b0b11c390a56381ad16ebd13914f8d5	2026-02-16T11:57:27.1196379Z ##[endgroup]
export	Run actions/checkout@34e114876b0b11c390a56381ad16ebd13914f8d5	2026-02-16T11:57:27.1231667Z [command]/usr/bin/git log -1 --format=%H
export	Run actions/checkout@34e114876b0b11c390a56381ad16ebd13914f8d5	2026-02-16T11:57:27.1254786Z cb0c38037d3578138aed1c12573902fe4c09a850
export	Run podman pull "$BST2_IMAGE"	ï»¿2026-02-16T11:57:27.1371677Z ##[group]Run podman pull "$BST2_IMAGE"
export	Run podman pull "$BST2_IMAGE"	2026-02-16T11:57:27.1371987Z [36;1mpodman pull "$BST2_IMAGE"[0m
export	Run podman pull "$BST2_IMAGE"	2026-02-16T11:57:27.1420143Z shell: /usr/bin/bash -e {0}
export	Run podman pull "$BST2_IMAGE"	2026-02-16T11:57:27.1420376Z env:
export	Run podman pull "$BST2_IMAGE"	2026-02-16T11:57:27.1420537Z   IMAGE_NAME: egg
export	Run podman pull "$BST2_IMAGE"	2026-02-16T11:57:27.1420731Z   IMAGE_REGISTRY: ghcr.io/hanthor
export	Run podman pull "$BST2_IMAGE"	2026-02-16T11:57:27.1421328Z   BST2_IMAGE: registry.gitlab.com/freedesktop-sdk/infrastructure/freedesktop-sdk-docker-images/bst2:f89b4aef847ef040b345acceda15a850219eb8f1
export	Run podman pull "$BST2_IMAGE"	2026-02-16T11:57:27.1421942Z   CACHE_GRPC_PORT: 9092
export	Run podman pull "$BST2_IMAGE"	2026-02-16T11:57:27.1422153Z   CACHE_HTTP_PORT: 8080
export	Run podman pull "$BST2_IMAGE"	2026-02-16T11:57:27.1422335Z ##[endgroup]
export	Run podman pull "$BST2_IMAGE"	2026-02-16T11:57:27.3058673Z Trying to pull registry.gitlab.com/freedesktop-sdk/infrastructure/freedesktop-sdk-docker-images/bst2:f89b4aef847ef040b345acceda15a850219eb8f1...
export	Run podman pull "$BST2_IMAGE"	2026-02-16T11:57:28.5134053Z Getting image source signatures
export	Run podman pull "$BST2_IMAGE"	2026-02-16T11:57:28.5138335Z Copying blob sha256:310d34cd6fa6ba2610968900e09f45a69236bcc45dd78af2ac13023212bd914c
export	Run podman pull "$BST2_IMAGE"	2026-02-16T11:57:28.5139343Z Copying blob sha256:9b141fb22193d37cff5e81fb83503ca4708ad99449adf45bf4e7c60a4c141f1c
export	Run podman pull "$BST2_IMAGE"	2026-02-16T11:57:51.8031623Z Copying config sha256:5006b72956f5bf0ae195974af2770fbb6f503e267397810846ac3ba73df4836f
export	Run podman pull "$BST2_IMAGE"	2026-02-16T11:57:51.8048692Z Writing manifest to image destination
export	Run podman pull "$BST2_IMAGE"	2026-02-16T11:57:51.8960759Z 5006b72956f5bf0ae195974af2770fbb6f503e267397810846ac3ba73df4836f
export	Run ./scripts/setup-buildstream.sh	ï»¿2026-02-16T11:57:51.9291988Z ##[group]Run ./scripts/setup-buildstream.sh
export	Run ./scripts/setup-buildstream.sh	2026-02-16T11:57:51.9292322Z [36;1m./scripts/setup-buildstream.sh[0m
export	Run ./scripts/setup-buildstream.sh	2026-02-16T11:57:51.9338423Z shell: /usr/bin/bash -e {0}
export	Run ./scripts/setup-buildstream.sh	2026-02-16T11:57:51.9338654Z env:
export	Run ./scripts/setup-buildstream.sh	2026-02-16T11:57:51.9338813Z   IMAGE_NAME: egg
export	Run ./scripts/setup-buildstream.sh	2026-02-16T11:57:51.9339027Z   IMAGE_REGISTRY: ghcr.io/hanthor
export	Run ./scripts/setup-buildstream.sh	2026-02-16T11:57:51.9339632Z   BST2_IMAGE: registry.gitlab.com/freedesktop-sdk/infrastructure/freedesktop-sdk-docker-images/bst2:f89b4aef847ef040b345acceda15a850219eb8f1
export	Run ./scripts/setup-buildstream.sh	2026-02-16T11:57:51.9340257Z   CACHE_GRPC_PORT: 9092
export	Run ./scripts/setup-buildstream.sh	2026-02-16T11:57:51.9340449Z   CACHE_HTTP_PORT: 8080
export	Run ./scripts/setup-buildstream.sh	2026-02-16T11:57:51.9340634Z ##[endgroup]
export	Run ./scripts/setup-buildstream.sh	2026-02-16T11:57:51.9450951Z scheduler:
export	Run ./scripts/setup-buildstream.sh	2026-02-16T11:57:51.9451162Z   on-error: continue
export	Run ./scripts/setup-buildstream.sh	2026-02-16T11:57:51.9451370Z   fetchers: 12
export	Run ./scripts/setup-buildstream.sh	2026-02-16T11:57:51.9451661Z   builders: 1
export	Run ./scripts/setup-buildstream.sh	2026-02-16T11:57:51.9451960Z   network-retries: 3
export	Run ./scripts/setup-buildstream.sh	2026-02-16T11:57:51.9452175Z 
export	Run ./scripts/setup-buildstream.sh	2026-02-16T11:57:51.9452249Z logging:
export	Run ./scripts/setup-buildstream.sh	2026-02-16T11:57:51.9452741Z   message-format: '[%{wallclock}][%{elapsed}][%{key}][%{element}] %{action} %{message}'
export	Run ./scripts/setup-buildstream.sh	2026-02-16T11:57:51.9453437Z   error-lines: 80
export	Run ./scripts/setup-buildstream.sh	2026-02-16T11:57:51.9453799Z 
export	Run ./scripts/setup-buildstream.sh	2026-02-16T11:57:51.9453904Z build:
export	Run ./scripts/setup-buildstream.sh	2026-02-16T11:57:51.9454202Z   max-jobs: 0
export	Run ./scripts/setup-buildstream.sh	2026-02-16T11:57:51.9454379Z   retry-failed: True
export	Run ./scripts/setup-buildstream.sh	2026-02-16T11:57:51.9454500Z 
export	Run ./scripts/setup-buildstream.sh	2026-02-16T11:57:51.9454770Z cache:
export	Run ./scripts/setup-buildstream.sh	2026-02-16T11:57:51.9454938Z   cache-buildtrees: never
export	Download and Merge CAS Chunks Sequentially	ï»¿2026-02-16T11:57:51.9482746Z ##[group]Run mkdir -p ~/.cache/buildstream
export	Download and Merge CAS Chunks Sequentially	2026-02-16T11:57:51.9483085Z [36;1mmkdir -p ~/.cache/buildstream[0m
export	Download and Merge CAS Chunks Sequentially	2026-02-16T11:57:51.9483398Z [36;1mecho "Processing chunks defined in planning..."[0m
export	Download and Merge CAS Chunks Sequentially	2026-02-16T11:57:51.9484067Z [36;1mecho "$MATRIX_KEYS" | jq -r '.[]' | while read -r chunk; do[0m
export	Download and Merge CAS Chunks Sequentially	2026-02-16T11:57:51.9484405Z [36;1m  artifact_name="cas-${chunk}"[0m
export	Download and Merge CAS Chunks Sequentially	2026-02-16T11:57:51.9484680Z [36;1m  echo "Downloading $artifact_name..."[0m
export	Download and Merge CAS Chunks Sequentially	2026-02-16T11:57:51.9484963Z [36;1m  # specific download of one artifact[0m
export	Download and Merge CAS Chunks Sequentially	2026-02-16T11:57:51.9485321Z [36;1m  gh run download 22056070764 -n "$artifact_name" --dir temp_artifact[0m
export	Download and Merge CAS Chunks Sequentially	2026-02-16T11:57:51.9485663Z [36;1m  [0m
export	Download and Merge CAS Chunks Sequentially	2026-02-16T11:57:51.9485862Z [36;1m  echo "Extracting $artifact_name..."[0m
export	Download and Merge CAS Chunks Sequentially	2026-02-16T11:57:51.9486198Z [36;1m  # The artifact upload preserves the filename cas-{chunk}.tar[0m
export	Download and Merge CAS Chunks Sequentially	2026-02-16T11:57:51.9486620Z [36;1m  tar -xf temp_artifact/cas-${chunk}.tar -C "$HOME/.cache/buildstream"[0m
export	Download and Merge CAS Chunks Sequentially	2026-02-16T11:57:51.9486971Z [36;1m  [0m
export	Download and Merge CAS Chunks Sequentially	2026-02-16T11:57:51.9487180Z [36;1m  echo "Cleaning up $artifact_name..."[0m
export	Download and Merge CAS Chunks Sequentially	2026-02-16T11:57:51.9487443Z [36;1m  rm -rf temp_artifact[0m
export	Download and Merge CAS Chunks Sequentially	2026-02-16T11:57:51.9487677Z [36;1mdone[0m
export	Download and Merge CAS Chunks Sequentially	2026-02-16T11:57:51.9487841Z [36;1m[0m
export	Download and Merge CAS Chunks Sequentially	2026-02-16T11:57:51.9488005Z [36;1mecho "CAS merge complete."[0m
export	Download and Merge CAS Chunks Sequentially	2026-02-16T11:57:51.9488247Z [36;1mdu -sh ~/.cache/buildstream[0m
export	Download and Merge CAS Chunks Sequentially	2026-02-16T11:57:51.9530042Z shell: /usr/bin/bash -e {0}
export	Download and Merge CAS Chunks Sequentially	2026-02-16T11:57:51.9530263Z env:
export	Download and Merge CAS Chunks Sequentially	2026-02-16T11:57:51.9530424Z   IMAGE_NAME: egg
export	Download and Merge CAS Chunks Sequentially	2026-02-16T11:57:51.9530612Z   IMAGE_REGISTRY: ghcr.io/hanthor
export	Download and Merge CAS Chunks Sequentially	2026-02-16T11:57:51.9531213Z   BST2_IMAGE: registry.gitlab.com/freedesktop-sdk/infrastructure/freedesktop-sdk-docker-images/bst2:f89b4aef847ef040b345acceda15a850219eb8f1
export	Download and Merge CAS Chunks Sequentially	2026-02-16T11:57:51.9531817Z   CACHE_GRPC_PORT: 9092
export	Download and Merge CAS Chunks Sequentially	2026-02-16T11:57:51.9532024Z   CACHE_HTTP_PORT: 8080
export	Download and Merge CAS Chunks Sequentially	2026-02-16T11:57:51.9532405Z   GH_TOKEN: ***
export	Download and Merge CAS Chunks Sequentially	2026-02-16T11:57:51.9533141Z   MATRIX_KEYS: ["chunk1-sqlite", "chunk2-libpng", "chunk3-netavark", "chunk4-mesa-headers", "chunk5-frei0r", "chunk6-blueprint-compiler", "chunk7-xorg-lib-xcvt", "chunk8-spice", "chunk9-mtab", "chunk10-bluefin"]
export	Download and Merge CAS Chunks Sequentially	2026-02-16T11:57:51.9534172Z ##[endgroup]
export	Download and Merge CAS Chunks Sequentially	2026-02-16T11:57:51.9607685Z Processing chunks defined in planning...
export	Download and Merge CAS Chunks Sequentially	2026-02-16T11:57:51.9636520Z Downloading cas-chunk1-sqlite...
export	Download and Merge CAS Chunks Sequentially	2026-02-16T12:01:24.3586894Z Extracting cas-chunk1-sqlite...
export	Download and Merge CAS Chunks Sequentially	2026-02-16T12:01:43.0912163Z Cleaning up cas-chunk1-sqlite...
export	Download and Merge CAS Chunks Sequentially	2026-02-16T12:01:44.0271535Z Downloading cas-chunk2-libpng...
export	Download and Merge CAS Chunks Sequentially	2026-02-16T12:03:08.6509019Z Extracting cas-chunk2-libpng...
export	Download and Merge CAS Chunks Sequentially	2026-02-16T12:03:18.3217030Z Cleaning up cas-chunk2-libpng...
export	Download and Merge CAS Chunks Sequentially	2026-02-16T12:03:19.0342898Z Downloading cas-chunk3-netavark...
export	Download and Merge CAS Chunks Sequentially	2026-02-16T12:06:08.6894878Z Extracting cas-chunk3-netavark...
export	Download and Merge CAS Chunks Sequentially	2026-02-16T12:06:30.4945806Z Cleaning up cas-chunk3-netavark...
export	Download and Merge CAS Chunks Sequentially	2026-02-16T12:06:31.4083474Z Downloading cas-chunk4-mesa-headers...
export	Download and Merge CAS Chunks Sequentially	2026-02-16T12:09:14.0112786Z Extracting cas-chunk4-mesa-headers...
export	Download and Merge CAS Chunks Sequentially	2026-02-16T12:09:30.7577187Z Cleaning up cas-chunk4-mesa-headers...
export	Download and Merge CAS Chunks Sequentially	2026-02-16T12:09:31.7628797Z Downloading cas-chunk5-frei0r...
export	Download and Merge CAS Chunks Sequentially	2026-02-16T12:11:50.1498920Z Extracting cas-chunk5-frei0r...
export	Download and Merge CAS Chunks Sequentially	2026-02-16T12:12:04.6667950Z Cleaning up cas-chunk5-frei0r...
export	Download and Merge CAS Chunks Sequentially	2026-02-16T12:12:05.7869247Z Downloading cas-chunk6-blueprint-compiler...
export	Download and Merge CAS Chunks Sequentially	2026-02-16T12:13:14.6117118Z Extracting cas-chunk6-blueprint-compiler...
export	Download and Merge CAS Chunks Sequentially	2026-02-16T12:13:28.2689289Z Cleaning up cas-chunk6-blueprint-compiler...
export	Download and Merge CAS Chunks Sequentially	2026-02-16T12:13:29.0149539Z Downloading cas-chunk7-xorg-lib-xcvt...
export	Download and Merge CAS Chunks Sequentially	2026-02-16T12:17:27.4772535Z Extracting cas-chunk7-xorg-lib-xcvt...
export	Download and Merge CAS Chunks Sequentially	2026-02-16T12:18:07.9011013Z Cleaning up cas-chunk7-xorg-lib-xcvt...
export	Download and Merge CAS Chunks Sequentially	2026-02-16T12:18:08.5310845Z Downloading cas-chunk8-spice...
export	Download and Merge CAS Chunks Sequentially	2026-02-16T12:21:22.4527130Z Extracting cas-chunk8-spice...
export	Download and Merge CAS Chunks Sequentially	2026-02-16T12:21:50.4207404Z Cleaning up cas-chunk8-spice...
export	Download and Merge CAS Chunks Sequentially	2026-02-16T12:21:51.0529788Z Downloading cas-chunk9-mtab...
export	Download and Merge CAS Chunks Sequentially	2026-02-16T12:26:35.8518898Z Extracting cas-chunk9-mtab...
export	Download and Merge CAS Chunks Sequentially	2026-02-16T12:27:55.0440627Z Cleaning up cas-chunk9-mtab...
export	Download and Merge CAS Chunks Sequentially	2026-02-16T12:27:56.0088159Z Downloading cas-chunk10-bluefin...
export	Download and Merge CAS Chunks Sequentially	2026-02-16T12:39:28.2289982Z Extracting cas-chunk10-bluefin...
export	Download and Merge CAS Chunks Sequentially	2026-02-16T12:42:25.9017784Z Cleaning up cas-chunk10-bluefin...
export	Download and Merge CAS Chunks Sequentially	2026-02-16T12:42:27.5476561Z CAS merge complete.
export	Download and Merge CAS Chunks Sequentially	2026-02-16T12:42:32.5771542Z 44G	/home/runner/.cache/buildstream
export	Export OCI image from BuildStream	ï»¿2026-02-16T12:42:32.5817901Z ##[group]Run LOADED=$(podman run --rm --privileged --device /dev/fuse \
export	Export OCI image from BuildStream	2026-02-16T12:42:32.5818399Z [36;1mLOADED=$(podman run --rm --privileged --device /dev/fuse \[0m
export	Export OCI image from BuildStream	2026-02-16T12:42:32.5818770Z [36;1m  -v "/home/runner/work/egg/egg:/src:rw" \[0m
export	Export OCI image from BuildStream	2026-02-16T12:42:32.5819124Z [36;1m  -v "$HOME/.cache/buildstream:/root/.cache/buildstream:rw" \[0m
export	Export OCI image from BuildStream	2026-02-16T12:42:32.5819450Z [36;1m  -w /src "$BST2_IMAGE" \[0m
export	Export OCI image from BuildStream	2026-02-16T12:42:32.5820016Z [36;1m  bash -c 'ulimit -n 1048576; bst --no-interactive --config buildstream-ci.conf artifact checkout --tar - oci/bluefin.bst' | podman load)[0m
export	Export OCI image from BuildStream	2026-02-16T12:42:32.5820826Z [36;1mIMAGE_REF=$(echo "$LOADED" | grep -oP '(?<=Loaded image: ).*' || echo "$LOADED" | grep -oP '(?<=Loaded image\(s\): ).*')[0m
export	Export OCI image from BuildStream	2026-02-16T12:42:32.5821356Z [36;1mecho "image_ref=$IMAGE_REF" >> "$GITHUB_OUTPUT"[0m
export	Export OCI image from BuildStream	2026-02-16T12:42:32.5821643Z [36;1mecho "Loaded: $IMAGE_REF"[0m
export	Export OCI image from BuildStream	2026-02-16T12:42:32.6455947Z shell: /usr/bin/bash -e {0}
export	Export OCI image from BuildStream	2026-02-16T12:42:32.6456235Z env:
export	Export OCI image from BuildStream	2026-02-16T12:42:32.6456467Z   IMAGE_NAME: egg
export	Export OCI image from BuildStream	2026-02-16T12:42:32.6456707Z   IMAGE_REGISTRY: ghcr.io/hanthor
export	Export OCI image from BuildStream	2026-02-16T12:42:32.6457513Z   BST2_IMAGE: registry.gitlab.com/freedesktop-sdk/infrastructure/freedesktop-sdk-docker-images/bst2:f89b4aef847ef040b345acceda15a850219eb8f1
export	Export OCI image from BuildStream	2026-02-16T12:42:32.6458339Z   CACHE_GRPC_PORT: 9092
export	Export OCI image from BuildStream	2026-02-16T12:42:32.6458586Z   CACHE_HTTP_PORT: 8080
export	Export OCI image from BuildStream	2026-02-16T12:42:32.6458825Z ##[endgroup]
export	Export OCI image from BuildStream	2026-02-16T12:42:32.8760355Z bash: line 1: ulimit: open files: cannot modify limit: Operation not permitted
export	Export OCI image from BuildStream	2026-02-16T12:42:33.6960146Z [12:42:33][--:--:--][        ][    main:core activity                 ] START   Loading elements
export	Export OCI image from BuildStream	2026-02-16T12:42:33.7590088Z [12:42:33][--:--:--][e3d5e9d9][   fetch:plugins/buildstream-plugins-community.bst] START   bluefin/plugins-buildstream-plugins-community/e3d5e9d9-fetch.20260216-124233.log
export	Export OCI image from BuildStream	2026-02-16T12:42:33.7592437Z [12:42:33][00:00:00][e3d5e9d9][   fetch:plugins/buildstream-plugins-community.bst] SUCCESS bluefin/plugins-buildstream-plugins-community/e3d5e9d9-fetch.20260216-124233.log
export	Export OCI image from BuildStream	2026-02-16T12:42:34.3669286Z [12:42:33][--:--:--][6972e463][   fetch:gnome-build-meta.bst          ] START   bluefin/gnome-build-meta/6972e463-fetch.20260216-124233.log
export	Export OCI image from BuildStream	2026-02-16T12:42:34.3672120Z [12:42:34][--:--:--][6972e463][   fetch:gnome-build-meta.bst          ] START   Applying patch queue: patches/gnome-build-meta
export	Export OCI image from BuildStream	2026-02-16T12:42:34.3673300Z [12:42:34][--:--:--][6972e463][   fetch:gnome-build-meta.bst          ] STATUS  Running host command
export	Export OCI image from BuildStream	2026-02-16T12:42:34.3674170Z 
export	Export OCI image from BuildStream	2026-02-16T12:42:34.3675183Z     /usr/sbin/git -C /root/.cache/buildstream/cas/staging/cas-tmpdirqLrCKz --git-dir /root/.cache/buildstream/cas/staging/cas-tmpdirqLrCKz/.git --work-tree /root/.cache/buildstream/cas/staging/cas-tmpdirqLrCKz apply /src/patches/gnome-build-meta/736f7794f272f9d9e4b60e9f3a7f32f40518addf.patch
export	Export OCI image from BuildStream	2026-02-16T12:42:34.3676312Z 
export	Export OCI image from BuildStream	2026-02-16T12:42:34.3676632Z [12:42:34][00:00:00][6972e463][   fetch:gnome-build-meta.bst          ] SUCCESS Applying patch queue: patches/gnome-build-meta
export	Export OCI image from BuildStream	2026-02-16T12:42:34.3677401Z [12:42:34][00:00:00][6972e463][   fetch:gnome-build-meta.bst          ] SUCCESS bluefin/gnome-build-meta/6972e463-fetch.20260216-124233.log
export	Export OCI image from BuildStream	2026-02-16T12:42:35.8061508Z [12:42:35][--:--:--][5aa6c3bb][   fetch:freedesktop-sdk.bst           ] START   bluefin/freedesktop-sdk/5aa6c3bb-fetch.20260216-124235.log
export	Export OCI image from BuildStream	2026-02-16T12:42:35.8063287Z [12:42:35][--:--:--][5aa6c3bb][   fetch:freedesktop-sdk.bst           ] START   Applying patch queue: patches/freedesktop-sdk
export	Export OCI image from BuildStream	2026-02-16T12:42:35.8064874Z [12:42:35][--:--:--][5aa6c3bb][   fetch:freedesktop-sdk.bst           ] STATUS  Running host command
export	Export OCI image from BuildStream	2026-02-16T12:42:35.8066718Z 
export	Export OCI image from BuildStream	2026-02-16T12:42:35.8068686Z     /usr/sbin/git -C /root/.cache/buildstream/cas/staging/cas-tmpdirScBpRz --git-dir /root/.cache/buildstream/cas/staging/cas-tmpdirScBpRz/.git --work-tree /root/.cache/buildstream/cas/staging/cas-tmpdirScBpRz apply /src/patches/freedesktop-sdk/0001-project-Specify-more-limits-to-the-CAS-configs.patch
export	Export OCI image from BuildStream	2026-02-16T12:42:35.8071182Z 
export	Export OCI image from BuildStream	2026-02-16T12:42:35.8071930Z [12:42:35][--:--:--][5aa6c3bb][   fetch:freedesktop-sdk.bst           ] STATUS  Running host command
export	Export OCI image from BuildStream	2026-02-16T12:42:35.8072576Z 
export	Export OCI image from BuildStream	2026-02-16T12:42:35.8074545Z     /usr/sbin/git -C /root/.cache/buildstream/cas/staging/cas-tmpdirScBpRz --git-dir /root/.cache/buildstream/cas/staging/cas-tmpdirScBpRz/.git --work-tree /root/.cache/buildstream/cas/staging/cas-tmpdirScBpRz apply /src/patches/freedesktop-sdk/0002-project.conf-Add-GNOME-CAS-servers.patch
export	Export OCI image from BuildStream	2026-02-16T12:42:35.8076572Z 
export	Export OCI image from BuildStream	2026-02-16T12:42:35.8077034Z [12:42:35][--:--:--][5aa6c3bb][   fetch:freedesktop-sdk.bst           ] STATUS  Running host command
export	Export OCI image from BuildStream	2026-02-16T12:42:35.8077658Z 
export	Export OCI image from BuildStream	2026-02-16T12:42:35.8079566Z     /usr/sbin/git -C /root/.cache/buildstream/cas/staging/cas-tmpdirScBpRz --git-dir /root/.cache/buildstream/cas/staging/cas-tmpdirScBpRz/.git --work-tree /root/.cache/buildstream/cas/staging/cas-tmpdirScBpRz apply /src/patches/freedesktop-sdk/0003-linux-Backport-patches-for-OnePlus-6-s-panel.patch
export	Export OCI image from BuildStream	2026-02-16T12:42:35.8081641Z 
export	Export OCI image from BuildStream	2026-02-16T12:42:35.8082085Z [12:42:35][--:--:--][5aa6c3bb][   fetch:freedesktop-sdk.bst           ] STATUS  Running host command
export	Export OCI image from BuildStream	2026-02-16T12:42:35.8082708Z 
export	Export OCI image from BuildStream	2026-02-16T12:42:35.8084629Z     /usr/sbin/git -C /root/.cache/buildstream/cas/staging/cas-tmpdirScBpRz --git-dir /root/.cache/buildstream/cas/staging/cas-tmpdirScBpRz/.git --work-tree /root/.cache/buildstream/cas/staging/cas-tmpdirScBpRz apply /src/patches/freedesktop-sdk/0004-openssh-Use-etc-ssh-as-sysconfdir.patch
export	Export OCI image from BuildStream	2026-02-16T12:42:35.8086578Z 
export	Export OCI image from BuildStream	2026-02-16T12:42:35.8087025Z [12:42:35][--:--:--][5aa6c3bb][   fetch:freedesktop-sdk.bst           ] STATUS  Running host command
export	Export OCI image from BuildStream	2026-02-16T12:42:35.8087648Z 
export	Export OCI image from BuildStream	2026-02-16T12:42:35.8089601Z     /usr/sbin/git -C /root/.cache/buildstream/cas/staging/cas-tmpdirScBpRz --git-dir /root/.cache/buildstream/cas/staging/cas-tmpdirScBpRz/.git --work-tree /root/.cache/buildstream/cas/staging/cas-tmpdirScBpRz apply /src/patches/freedesktop-sdk/0005-openssh-Include-ssh-_config.d-.conf.patch
export	Export OCI image from BuildStream	2026-02-16T12:42:35.8091550Z 
export	Export OCI image from BuildStream	2026-02-16T12:42:35.8091988Z [12:42:35][--:--:--][5aa6c3bb][   fetch:freedesktop-sdk.bst           ] STATUS  Running host command
export	Export OCI image from BuildStream	2026-02-16T12:42:35.8092598Z 
export	Export OCI image from BuildStream	2026-02-16T12:42:35.8094714Z     /usr/sbin/git -C /root/.cache/buildstream/cas/staging/cas-tmpdirScBpRz --git-dir /root/.cache/buildstream/cas/staging/cas-tmpdirScBpRz/.git --work-tree /root/.cache/buildstream/cas/staging/cas-tmpdirScBpRz apply /src/patches/freedesktop-sdk/0006-linux-Add-missing-soc-button-module.patch
export	Export OCI image from BuildStream	2026-02-16T12:42:35.8096385Z 
export	Export OCI image from BuildStream	2026-02-16T12:42:35.8096624Z [12:42:35][--:--:--][5aa6c3bb][   fetch:freedesktop-sdk.bst           ] STATUS  Running host command
export	Export OCI image from BuildStream	2026-02-16T12:42:35.8096957Z 
export	Export OCI image from BuildStream	2026-02-16T12:42:35.8097931Z     /usr/sbin/git -C /root/.cache/buildstream/cas/staging/cas-tmpdirScBpRz --git-dir /root/.cache/buildstream/cas/staging/cas-tmpdirScBpRz/.git --work-tree /root/.cache/buildstream/cas/staging/cas-tmpdirScBpRz apply /src/patches/freedesktop-sdk/0007-lvm2-Disable-event-activation-by-default.patch
export	Export OCI image from BuildStream	2026-02-16T12:42:35.8099002Z 
export	Export OCI image from BuildStream	2026-02-16T12:42:35.8099250Z [12:42:35][--:--:--][5aa6c3bb][   fetch:freedesktop-sdk.bst           ] STATUS  Running host command
export	Export OCI image from BuildStream	2026-02-16T12:42:35.8099583Z 
export	Export OCI image from BuildStream	2026-02-16T12:42:35.8100431Z     /usr/sbin/git -C /root/.cache/buildstream/cas/staging/cas-tmpdirScBpRz --git-dir /root/.cache/buildstream/cas/staging/cas-tmpdirScBpRz/.git --work-tree /root/.cache/buildstream/cas/staging/cas-tmpdirScBpRz apply /src/patches/freedesktop-sdk/flatpak-1.16.3.patch
export	Export OCI image from BuildStream	2026-02-16T12:42:35.8101357Z 
export	Export OCI image from BuildStream	2026-02-16T12:42:35.8101660Z [12:42:35][00:00:00][5aa6c3bb][   fetch:freedesktop-sdk.bst           ] SUCCESS Applying patch queue: patches/freedesktop-sdk
export	Export OCI image from BuildStream	2026-02-16T12:42:35.8102389Z [12:42:35][00:00:00][5aa6c3bb][   fetch:freedesktop-sdk.bst           ] SUCCESS bluefin/freedesktop-sdk/5aa6c3bb-fetch.20260216-124235.log
export	Export OCI image from BuildStream	2026-02-16T12:42:37.2823005Z [12:42:37][00:00:03][        ][    main:core activity                 ] SUCCESS Loading elements
export	Export OCI image from BuildStream	2026-02-16T12:42:37.2823838Z 
export	Export OCI image from BuildStream	2026-02-16T12:42:37.2823991Z     1104 subtasks processed
export	Export OCI image from BuildStream	2026-02-16T12:42:37.2824673Z 
export	Export OCI image from BuildStream	2026-02-16T12:42:37.2832160Z [12:42:37][--:--:--][        ][    main:core activity                 ] START   Resolving elements
export	Export OCI image from BuildStream	2026-02-16T12:42:37.2980618Z [12:42:37][--:--:--][1c22c942][   fetch:freedesktop-sdk.bst:plugins/buildstream-plugins-community.bst] START   freedesktop-sdk/plugins-buildstream-plugins-community/1c22c942-fetch.20260216-124237.log
export	Export OCI image from BuildStream	2026-02-16T12:42:37.2985572Z [12:42:37][00:00:00][1c22c942][   fetch:freedesktop-sdk.bst:plugins/buildstream-plugins-community.bst] SUCCESS freedesktop-sdk/plugins-buildstream-plugins-community/1c22c942-fetch.20260216-124237.log
export	Export OCI image from BuildStream	2026-02-16T12:42:37.4839392Z [12:42:37][--:--:--][b1b2d62b][   fetch:freedesktop-sdk.bst:plugins/buildstream-plugins.bst] START   freedesktop-sdk/plugins-buildstream-plugins/b1b2d62b-fetch.20260216-124237.log
export	Export OCI image from BuildStream	2026-02-16T12:42:37.4841471Z [12:42:37][00:00:00][b1b2d62b][   fetch:freedesktop-sdk.bst:plugins/buildstream-plugins.bst] SUCCESS freedesktop-sdk/plugins-buildstream-plugins/b1b2d62b-fetch.20260216-124237.log
export	Export OCI image from BuildStream	2026-02-16T12:42:37.7355230Z [12:42:37][--:--:--][e8537401][   fetch:plugins/buildstream-plugins.bst] START   bluefin/plugins-buildstream-plugins/e8537401-fetch.20260216-124237.log
export	Export OCI image from BuildStream	2026-02-16T12:42:37.7357084Z [12:42:37][00:00:00][e8537401][   fetch:plugins/buildstream-plugins.bst] SUCCESS bluefin/plugins-buildstream-plugins/e8537401-fetch.20260216-124237.log
export	Export OCI image from BuildStream	2026-02-16T12:42:37.9349090Z [12:42:37][--:--:--][        ][    main:core/bootc.bst                ] WARNING [unaliased-url]: cargo2 source at core/bootc.bst [line 8 column 2]: Use of unaliased source download URL: https://static.crates.io/crates/
export	Export OCI image from BuildStream	2026-02-16T12:42:38.7799890Z gpg: keybox '/root/.config/buildstream-generate/tmp2m1b_fno/private-key/pubring.kbx' created
export	Export OCI image from BuildStream	2026-02-16T12:42:38.7834447Z gpg: /root/.config/buildstream-generate/tmp2m1b_fno/private-key/trustdb.gpg: trustdb created
export	Export OCI image from BuildStream	2026-02-16T12:42:38.7837210Z gpg: key 330B692A70353BFC: public key "GNOME OS" imported
export	Export OCI image from BuildStream	2026-02-16T12:42:38.7996179Z gpg: key 330B692A70353BFC: secret key imported
export	Export OCI image from BuildStream	2026-02-16T12:42:38.7997326Z gpg: Total number processed: 1
export	Export OCI image from BuildStream	2026-02-16T12:42:38.7997721Z gpg:               imported: 1
export	Export OCI image from BuildStream	2026-02-16T12:42:38.7998235Z gpg:       secret keys read: 1
export	Export OCI image from BuildStream	2026-02-16T12:42:38.7998465Z gpg:   secret keys imported: 1
export	Export OCI image from BuildStream	2026-02-16T12:42:38.8302939Z writing RSA key
export	Export OCI image from BuildStream	2026-02-16T12:42:38.8368748Z writing RSA key
export	Export OCI image from BuildStream	2026-02-16T12:42:38.8443029Z   % Total    % Received % Xferd  Average Speed   Time    Time     Time  Current
export	Export OCI image from BuildStream	2026-02-16T12:42:38.8444385Z                                  Dload  Upload   Total   Spent    Left  Speed
export	Export OCI image from BuildStream	2026-02-16T12:42:38.8445009Z 
export	Export OCI image from BuildStream	2026-02-16T12:42:38.9481414Z   0     0    0     0    0     0      0      0 --:--:-- --:--:-- --:--:--     0
export	Export OCI image from BuildStream	2026-02-16T12:42:38.9482388Z 100  1516  100  1516    0     0  14573      0 --:--:-- --:--:-- --:--:-- 14576
export	Export OCI image from BuildStream	2026-02-16T12:42:38.9483187Z 100  1516  100  1516    0     0  14558      0 --:--:-- --:--:-- --:--:-- 14438
export	Export OCI image from BuildStream	2026-02-16T12:42:38.9736569Z   % Total    % Received % Xferd  Average Speed   Time    Time     Time  Current
export	Export OCI image from BuildStream	2026-02-16T12:42:38.9737892Z                                  Dload  Upload   Total   Spent    Left  Speed
export	Export OCI image from BuildStream	2026-02-16T12:42:38.9738205Z 
export	Export OCI image from BuildStream	2026-02-16T12:42:39.3855993Z   0     0    0     0    0     0      0      0 --:--:-- --:--:-- --:--:--     0
export	Export OCI image from BuildStream	2026-02-16T12:42:39.3858123Z 100  1462  100  1462    0     0   3546      0 --:--:-- --:--:-- --:--:--  3548
export	Export OCI image from BuildStream	2026-02-16T12:42:39.4103293Z   % Total    % Received % Xferd  Average Speed   Time    Time     Time  Current
export	Export OCI image from BuildStream	2026-02-16T12:42:39.4104224Z                                  Dload  Upload   Total   Spent    Left  Speed
export	Export OCI image from BuildStream	2026-02-16T12:42:39.4104650Z 
export	Export OCI image from BuildStream	2026-02-16T12:42:39.4883116Z   0     0    0     0    0     0      0      0 --:--:-- --:--:-- --:--:--     0
export	Export OCI image from BuildStream	2026-02-16T12:42:39.4884705Z 100  1499  100  1499    0     0  19184      0 --:--:-- --:--:-- --:--:-- 19217
export	Export OCI image from BuildStream	2026-02-16T12:42:39.5122716Z   % Total    % Received % Xferd  Average Speed   Time    Time     Time  Current
export	Export OCI image from BuildStream	2026-02-16T12:42:39.5123927Z                                  Dload  Upload   Total   Spent    Left  Speed
export	Export OCI image from BuildStream	2026-02-16T12:42:39.5124679Z 
export	Export OCI image from BuildStream	2026-02-16T12:42:39.5874165Z   0     0    0     0    0     0      0      0 --:--:-- --:--:-- --:--:--     0
export	Export OCI image from BuildStream	2026-02-16T12:42:39.5875308Z 100  1454  100  1454    0     0  19272      0 --:--:-- --:--:-- --:--:-- 19386
export	Export OCI image from BuildStream	2026-02-16T12:42:39.6109979Z   % Total    % Received % Xferd  Average Speed   Time    Time     Time  Current
export	Export OCI image from BuildStream	2026-02-16T12:42:39.6115626Z                                  Dload  Upload   Total   Spent    Left  Speed
export	Export OCI image from BuildStream	2026-02-16T12:42:39.6116142Z 
export	Export OCI image from BuildStream	2026-02-16T12:42:39.6890241Z   0     0    0     0    0     0      0      0 --:--:-- --:--:-- --:--:--     0
export	Export OCI image from BuildStream	2026-02-16T12:42:39.6891630Z 100  1556  100  1556    0     0  19923      0 --:--:-- --:--:-- --:--:-- 19948
export	Export OCI image from BuildStream	2026-02-16T12:42:39.7122869Z   % Total    % Received % Xferd  Average Speed   Time    Time     Time  Current
export	Export OCI image from BuildStream	2026-02-16T12:42:39.7126187Z                                  Dload  Upload   Total   Spent    Left  Speed
export	Export OCI image from BuildStream	2026-02-16T12:42:39.7126633Z 
export	Export OCI image from BuildStream	2026-02-16T12:42:39.8098324Z   0     0    0     0    0     0      0      0 --:--:-- --:--:-- --:--:--     0
export	Export OCI image from BuildStream	2026-02-16T12:42:39.8099673Z 100  1448  100  1448    0     0  14826      0 --:--:-- --:--:-- --:--:-- 14927
export	Export OCI image from BuildStream	2026-02-16T12:42:39.8342015Z   % Total    % Received % Xferd  Average Speed   Time    Time     Time  Current
export	Export OCI image from BuildStream	2026-02-16T12:42:39.8342587Z                                  Dload  Upload   Total   Spent    Left  Speed
export	Export OCI image from BuildStream	2026-02-16T12:42:39.8342884Z 
export	Export OCI image from BuildStream	2026-02-16T12:42:40.0023701Z   0     0    0     0    0     0      0      0 --:--:-- --:--:-- --:--:--     0
export	Export OCI image from BuildStream	2026-02-16T12:42:40.0024584Z 100  1459  100  1459    0     0   8667      0 --:--:-- --:--:-- --:--:--  8633
export	Export OCI image from BuildStream	2026-02-16T12:42:40.0025373Z 100  1459  100  1459    0     0   8662      0 --:--:-- --:--:-- --:--:--  8633
export	Export OCI image from BuildStream	2026-02-16T12:42:40.4889283Z [12:42:40][--:--:--][        ][    main:bluefin/sudo-rs.bst           ] WARNING [unaliased-url]: git_repo source at bluefin/sudo-rs.bst [line 27 column 2]: Use of unaliased source download URL: https://github.com/memorysafety/sudo-rs.git
export	Export OCI image from BuildStream	2026-02-16T12:42:40.4892456Z [12:42:40][--:--:--][        ][    main:bluefin/sudo-rs.bst           ] WARNING [unaliased-url]: cargo2 source at bluefin/sudo-rs.bst [line 31 column 2]: Use of unaliased source download URL: https://static.crates.io/crates/
export	Export OCI image from BuildStream	2026-02-16T12:42:40.4910565Z [12:42:40][--:--:--][        ][    main:bluefin/uutils-coreutils.bst  ] WARNING [unaliased-url]: git_repo source at bluefin/uutils-coreutils.bst [line 22 column 2]: Use of unaliased source download URL: https://github.com/uutils/coreutils.git
export	Export OCI image from BuildStream	2026-02-16T12:42:40.4929411Z [12:42:40][--:--:--][        ][    main:bluefin/uutils-coreutils.bst  ] WARNING [unaliased-url]: cargo2 source at bluefin/uutils-coreutils.bst [line 26 column 2]: Use of unaliased source download URL: https://static.crates.io/crates/
export	Export OCI image from BuildStream	2026-02-16T12:42:40.5162440Z [12:42:40][00:00:03][        ][    main:core activity                 ] SUCCESS Resolving elements
export	Export OCI image from BuildStream	2026-02-16T12:42:40.5163146Z 
export	Export OCI image from BuildStream	2026-02-16T12:42:40.5163319Z     1070 of 1104 subtasks processed
export	Export OCI image from BuildStream	2026-02-16T12:42:40.5163877Z 
export	Export OCI image from BuildStream	2026-02-16T12:42:40.5212208Z [12:42:40][--:--:--][        ][    main:core activity                 ] START   Initializing remote caches
export	Export OCI image from BuildStream	2026-02-16T12:42:41.5896366Z [12:42:41][00:00:01][        ][    main:core activity                 ] SUCCESS Initializing remote caches
export	Export OCI image from BuildStream	2026-02-16T12:42:41.5898247Z [12:42:41][--:--:--][        ][    main:core activity                 ] START   Query cache
export	Export OCI image from BuildStream	2026-02-16T12:42:41.5919201Z [12:42:41][00:00:00][        ][    main:core activity                 ] SUCCESS Query cache
export	Export OCI image from BuildStream	2026-02-16T12:42:41.5922367Z [12:42:41][--:--:--][b6d4b26d][    main:oci/bluefin.bst               ] START   Staging dependencies
export	Export OCI image from BuildStream	2026-02-16T12:42:41.5928470Z [12:42:41][00:00:00][b6d4b26d][    main:oci/bluefin.bst               ] SUCCESS Staging dependencies
export	Export OCI image from BuildStream	2026-02-16T12:42:41.5929793Z [12:42:41][--:--:--][b6d4b26d][    main:oci/bluefin.bst               ] START   Integrating sandbox
export	Export OCI image from BuildStream	2026-02-16T12:42:41.5935982Z [12:42:41][00:00:00][b6d4b26d][    main:oci/bluefin.bst               ] SUCCESS Integrating sandbox
export	Export OCI image from BuildStream	2026-02-16T12:42:41.5937686Z [12:42:41][--:--:--][b6d4b26d][    main:oci/bluefin.bst               ] START   Creating tarball
export	Export OCI image from BuildStream	2026-02-16T13:08:14.0609878Z [13:08:14][00:25:32][b6d4b26d][    main:oci/bluefin.bst               ] SUCCESS Creating tarball
export	Export OCI image from BuildStream	2026-02-16T13:08:14.9596997Z Error: payload does not match any of the supported image formats:
export	Export OCI image from BuildStream	2026-02-16T13:08:14.9597745Z  * oci: open /var/tmp/podman3168531098/index.json: not a directory
export	Export OCI image from BuildStream	2026-02-16T13:08:14.9598733Z  * oci-archive: creating temp directory: untarring file "/var/tmp/container_images_oci2663641913": archive/tar: invalid tar header
export	Export OCI image from BuildStream	2026-02-16T13:08:14.9599854Z  * docker-archive: loading tar component manifest.json: archive/tar: invalid tar header
export	Export OCI image from BuildStream	2026-02-16T13:08:14.9600694Z  * dir: open /var/tmp/podman3168531098/manifest.json: not a directory
export	Export OCI image from BuildStream	2026-02-16T13:08:14.9642465Z ##[error]Process completed with exit code 125.
export	Upload export logs	ï»¿2026-02-16T13:08:14.9735870Z ##[group]Run actions/upload-artifact@ea165f8d65b6e75b540449e92b4886f43607fa02
export	Upload export logs	2026-02-16T13:08:14.9736255Z with:
export	Upload export logs	2026-02-16T13:08:14.9736420Z   name: export-logs
export	Upload export logs	2026-02-16T13:08:14.9736603Z   path: logs/
export	Upload export logs	2026-02-16T13:08:14.9736774Z   retention-days: 7
export	Upload export logs	2026-02-16T13:08:14.9736957Z   if-no-files-found: warn
export	Upload export logs	2026-02-16T13:08:14.9737163Z   compression-level: 6
export	Upload export logs	2026-02-16T13:08:14.9737346Z   overwrite: false
export	Upload export logs	2026-02-16T13:08:14.9737532Z   include-hidden-files: false
export	Upload export logs	2026-02-16T13:08:14.9737728Z env:
export	Upload export logs	2026-02-16T13:08:14.9737879Z   IMAGE_NAME: egg
export	Upload export logs	2026-02-16T13:08:14.9738054Z   IMAGE_REGISTRY: ghcr.io/hanthor
export	Upload export logs	2026-02-16T13:08:14.9738647Z   BST2_IMAGE: registry.gitlab.com/freedesktop-sdk/infrastructure/freedesktop-sdk-docker-images/bst2:f89b4aef847ef040b345acceda15a850219eb8f1
export	Upload export logs	2026-02-16T13:08:14.9739243Z   CACHE_GRPC_PORT: 9092
export	Upload export logs	2026-02-16T13:08:14.9739443Z   CACHE_HTTP_PORT: 8080
export	Upload export logs	2026-02-16T13:08:14.9739626Z ##[endgroup]
export	Upload export logs	2026-02-16T13:08:15.2991057Z ##[warning]No files were found with the provided path: logs/. No artifacts will be uploaded.
export	Post Run actions/checkout@34e114876b0b11c390a56381ad16ebd13914f8d5	ï»¿2026-02-16T13:08:15.3202012Z Post job cleanup.
export	Post Run actions/checkout@34e114876b0b11c390a56381ad16ebd13914f8d5	2026-02-16T13:08:15.4169037Z [command]/usr/bin/git version
export	Post Run actions/checkout@34e114876b0b11c390a56381ad16ebd13914f8d5	2026-02-16T13:08:15.4206481Z git version 2.52.0
export	Post Run actions/checkout@34e114876b0b11c390a56381ad16ebd13914f8d5	2026-02-16T13:08:15.4257322Z Temporarily overriding HOME='/home/runner/work/_temp/43053829-9895-4f99-ae5b-799ff578a35b' before making global git config changes
export	Post Run actions/checkout@34e114876b0b11c390a56381ad16ebd13914f8d5	2026-02-16T13:08:15.4258649Z Adding repository directory to the temporary git global config as a safe directory
export	Post Run actions/checkout@34e114876b0b11c390a56381ad16ebd13914f8d5	2026-02-16T13:08:15.4271112Z [command]/usr/bin/git config --global --add safe.directory /home/runner/work/egg/egg
export	Post Run actions/checkout@34e114876b0b11c390a56381ad16ebd13914f8d5	2026-02-16T13:08:15.4307406Z [command]/usr/bin/git config --local --name-only --get-regexp core\.sshCommand
export	Post Run actions/checkout@34e114876b0b11c390a56381ad16ebd13914f8d5	2026-02-16T13:08:15.4341920Z [command]/usr/bin/git submodule foreach --recursive sh -c "git config --local --name-only --get-regexp 'core\.sshCommand' && git config --local --unset-all 'core.sshCommand' || :"
export	Post Run actions/checkout@34e114876b0b11c390a56381ad16ebd13914f8d5	2026-02-16T13:08:15.4615657Z [command]/usr/bin/git config --local --name-only --get-regexp http\.https\:\/\/github\.com\/\.extraheader
export	Post Run actions/checkout@34e114876b0b11c390a56381ad16ebd13914f8d5	2026-02-16T13:08:15.4637993Z http.https://github.com/.extraheader
export	Post Run actions/checkout@34e114876b0b11c390a56381ad16ebd13914f8d5	2026-02-16T13:08:15.4650837Z [command]/usr/bin/git config --local --unset-all http.https://github.com/.extraheader
export	Post Run actions/checkout@34e114876b0b11c390a56381ad16ebd13914f8d5	2026-02-16T13:08:15.4682721Z [command]/usr/bin/git submodule foreach --recursive sh -c "git config --local --name-only --get-regexp 'http\.https\:\/\/github\.com\/\.extraheader' && git config --local --unset-all 'http.https://github.com/.extraheader' || :"
export	Post Run actions/checkout@34e114876b0b11c390a56381ad16ebd13914f8d5	2026-02-16T13:08:15.4915553Z [command]/usr/bin/git config --local --name-only --get-regexp ^includeIf\.gitdir:
export	Post Run actions/checkout@34e114876b0b11c390a56381ad16ebd13914f8d5	2026-02-16T13:08:15.4946499Z [command]/usr/bin/git submodule foreach --recursive git config --local --show-origin --name-only --get-regexp remote.origin.url
export	Complete job	ï»¿2026-02-16T13:08:15.5294099Z Cleaning up orphan processes
export	Complete job	2026-02-16T13:08:15.5600815Z Terminate orphan process: pid (2278) (catatonit)
