Build chunk1-sqlite	Set up job	ï»¿2026-02-16T16:25:47.7312955Z Current runner version: '2.331.0'
Build chunk1-sqlite	Set up job	2026-02-16T16:25:47.7339725Z ##[group]Runner Image Provisioner
Build chunk1-sqlite	Set up job	2026-02-16T16:25:47.7340520Z Hosted Compute Agent
Build chunk1-sqlite	Set up job	2026-02-16T16:25:47.7341093Z Version: 20260123.484
Build chunk1-sqlite	Set up job	2026-02-16T16:25:47.7341790Z Commit: 6bd6555ca37d84114959e1c76d2c01448ff61c5d
Build chunk1-sqlite	Set up job	2026-02-16T16:25:47.7342538Z Build Date: 2026-01-23T19:41:17Z
Build chunk1-sqlite	Set up job	2026-02-16T16:25:47.7343215Z Worker ID: {4aec0699-f5be-45ce-9a26-997814880564}
Build chunk1-sqlite	Set up job	2026-02-16T16:25:47.7343918Z Azure Region: northcentralus
Build chunk1-sqlite	Set up job	2026-02-16T16:25:47.7344985Z ##[endgroup]
Build chunk1-sqlite	Set up job	2026-02-16T16:25:47.7346709Z ##[group]Operating System
Build chunk1-sqlite	Set up job	2026-02-16T16:25:47.7347427Z Ubuntu
Build chunk1-sqlite	Set up job	2026-02-16T16:25:47.7348029Z 24.04.3
Build chunk1-sqlite	Set up job	2026-02-16T16:25:47.7348603Z LTS
Build chunk1-sqlite	Set up job	2026-02-16T16:25:47.7349022Z ##[endgroup]
Build chunk1-sqlite	Set up job	2026-02-16T16:25:47.7349675Z ##[group]Runner Image
Build chunk1-sqlite	Set up job	2026-02-16T16:25:47.7350239Z Image: ubuntu-24.04
Build chunk1-sqlite	Set up job	2026-02-16T16:25:47.7350703Z Version: 20260209.23.1
Build chunk1-sqlite	Set up job	2026-02-16T16:25:47.7351798Z Included Software: https://github.com/actions/runner-images/blob/ubuntu24/20260209.23/images/ubuntu/Ubuntu2404-Readme.md
Build chunk1-sqlite	Set up job	2026-02-16T16:25:47.7353560Z Image Release: https://github.com/actions/runner-images/releases/tag/ubuntu24%2F20260209.23
Build chunk1-sqlite	Set up job	2026-02-16T16:25:47.7354841Z ##[endgroup]
Build chunk1-sqlite	Set up job	2026-02-16T16:25:47.7356001Z ##[group]GITHUB_TOKEN Permissions
Build chunk1-sqlite	Set up job	2026-02-16T16:25:47.7357926Z Contents: read
Build chunk1-sqlite	Set up job	2026-02-16T16:25:47.7358514Z Metadata: read
Build chunk1-sqlite	Set up job	2026-02-16T16:25:47.7358990Z Packages: write
Build chunk1-sqlite	Set up job	2026-02-16T16:25:47.7359630Z ##[endgroup]
Build chunk1-sqlite	Set up job	2026-02-16T16:25:47.7361594Z Secret source: Actions
Build chunk1-sqlite	Set up job	2026-02-16T16:25:47.7362394Z Prepare workflow directory
Build chunk1-sqlite	Set up job	2026-02-16T16:25:47.7925465Z Prepare all required actions
Build chunk1-sqlite	Set up job	2026-02-16T16:25:47.7963374Z Getting action download info
Build chunk1-sqlite	Set up job	2026-02-16T16:25:48.1573872Z Download action repository 'ublue-os/remove-unwanted-software@695eb75bc387dbcd9685a8e72d23439d8686cba6' (SHA:695eb75bc387dbcd9685a8e72d23439d8686cba6)
Build chunk1-sqlite	Set up job	2026-02-16T16:25:48.6079687Z Download action repository 'actions/checkout@34e114876b0b11c390a56381ad16ebd13914f8d5' (SHA:34e114876b0b11c390a56381ad16ebd13914f8d5)
Build chunk1-sqlite	Set up job	2026-02-16T16:25:48.6489098Z Download action repository 'actions/upload-artifact@ea165f8d65b6e75b540449e92b4886f43607fa02' (SHA:ea165f8d65b6e75b540449e92b4886f43607fa02)
Build chunk1-sqlite	Set up job	2026-02-16T16:25:48.8777972Z Complete job name: Build chunk1-sqlite
Build chunk1-sqlite	Free disk space	ï»¿2026-02-16T16:25:48.9439690Z ##[group]Run ublue-os/remove-unwanted-software@695eb75bc387dbcd9685a8e72d23439d8686cba6
Build chunk1-sqlite	Free disk space	2026-02-16T16:25:48.9440987Z with:
Build chunk1-sqlite	Free disk space	2026-02-16T16:25:48.9441438Z   extra-squeeze: false
Build chunk1-sqlite	Free disk space	2026-02-16T16:25:48.9442105Z env:
Build chunk1-sqlite	Free disk space	2026-02-16T16:25:48.9442527Z   IMAGE_NAME: egg
Build chunk1-sqlite	Free disk space	2026-02-16T16:25:48.9443002Z   IMAGE_REGISTRY: ghcr.io/hanthor
Build chunk1-sqlite	Free disk space	2026-02-16T16:25:48.9444398Z   BST2_IMAGE: registry.gitlab.com/freedesktop-sdk/infrastructure/freedesktop-sdk-docker-images/bst2:f89b4aef847ef040b345acceda15a850219eb8f1
Build chunk1-sqlite	Free disk space	2026-02-16T16:25:48.9445637Z   CACHE_GRPC_PORT: 9092
Build chunk1-sqlite	Free disk space	2026-02-16T16:25:48.9446127Z   CACHE_HTTP_PORT: 8080
Build chunk1-sqlite	Free disk space	2026-02-16T16:25:48.9446598Z ##[endgroup]
Build chunk1-sqlite	Free disk space	2026-02-16T16:25:48.9549301Z ##[group]Run echo "==> Available space before cleanup"
Build chunk1-sqlite	Free disk space	2026-02-16T16:25:48.9550196Z [36;1mecho "==> Available space before cleanup"[0m
Build chunk1-sqlite	Free disk space	2026-02-16T16:25:48.9550877Z [36;1mdf -h[0m
Build chunk1-sqlite	Free disk space	2026-02-16T16:25:48.9551347Z [36;1m# Remove swapfile (3gb)[0m
Build chunk1-sqlite	Free disk space	2026-02-16T16:25:48.9551996Z [36;1m# swapoff is required for arm, but not for x64?[0m
Build chunk1-sqlite	Free disk space	2026-02-16T16:25:48.9552832Z [36;1msudo swapoff -a || true; sudo rm -f /swapfile || true[0m
Build chunk1-sqlite	Free disk space	2026-02-16T16:25:48.9553549Z [36;1m# Remove toolchains, browsers[0m
Build chunk1-sqlite	Free disk space	2026-02-16T16:25:48.9554458Z [36;1mshopt -s nullglob[0m
Build chunk1-sqlite	Free disk space	2026-02-16T16:25:48.9555072Z [36;1mEXTRAPKG=""[0m
Build chunk1-sqlite	Free disk space	2026-02-16T16:25:48.9555560Z [36;1mif [ "false" = "true" ]; then[0m
Build chunk1-sqlite	Free disk space	2026-02-16T16:25:48.9556292Z [36;1m  # These have a lot of small files and are a bit slower to remove[0m
Build chunk1-sqlite	Free disk space	2026-02-16T16:25:48.9557228Z [36;1m  EXTRAPKG="/usr/share/miniconda /opt/hostedtoolcache"[0m
Build chunk1-sqlite	Free disk space	2026-02-16T16:25:48.9557914Z [36;1mfi[0m
Build chunk1-sqlite	Free disk space	2026-02-16T16:25:48.9558560Z [36;1mprintf '%s\0' /opt/PyPy /opt/az /opt/node/ /opt/pipx /opt/go /opt/Ruby \[0m
Build chunk1-sqlite	Free disk space	2026-02-16T16:25:48.9559623Z [36;1m    /usr/lib/llvm-* /usr/local/julia* /usr/local/lib/android /usr/share/dotnet \[0m
Build chunk1-sqlite	Free disk space	2026-02-16T16:25:48.9560983Z [36;1m    /usr/share/swift /usr/local/.ghcup /usr/lib/firefox /opt/google/chrome \[0m
Build chunk1-sqlite	Free disk space	2026-02-16T16:25:48.9561900Z [36;1m    /opt/microsoft/msedge $EXTRAPKG \[0m
Build chunk1-sqlite	Free disk space	2026-02-16T16:25:48.9562530Z [36;1m    | sudo xargs -0 -n1 -P4 rm -rf[0m
Build chunk1-sqlite	Free disk space	2026-02-16T16:25:48.9563195Z [36;1mecho "==> Available space after cleanup"[0m
Build chunk1-sqlite	Free disk space	2026-02-16T16:25:48.9563802Z [36;1mdf -h[0m
Build chunk1-sqlite	Free disk space	2026-02-16T16:25:48.9618391Z shell: /usr/bin/bash --noprofile --norc -e -o pipefail {0}
Build chunk1-sqlite	Free disk space	2026-02-16T16:25:48.9619155Z env:
Build chunk1-sqlite	Free disk space	2026-02-16T16:25:48.9619694Z   IMAGE_NAME: egg
Build chunk1-sqlite	Free disk space	2026-02-16T16:25:48.9620184Z   IMAGE_REGISTRY: ghcr.io/hanthor
Build chunk1-sqlite	Free disk space	2026-02-16T16:25:48.9621395Z   BST2_IMAGE: registry.gitlab.com/freedesktop-sdk/infrastructure/freedesktop-sdk-docker-images/bst2:f89b4aef847ef040b345acceda15a850219eb8f1
Build chunk1-sqlite	Free disk space	2026-02-16T16:25:48.9622620Z   CACHE_GRPC_PORT: 9092
Build chunk1-sqlite	Free disk space	2026-02-16T16:25:48.9623097Z   CACHE_HTTP_PORT: 8080
Build chunk1-sqlite	Free disk space	2026-02-16T16:25:48.9623553Z ##[endgroup]
Build chunk1-sqlite	Free disk space	2026-02-16T16:25:48.9772245Z ==> Available space before cleanup
Build chunk1-sqlite	Free disk space	2026-02-16T16:25:48.9868940Z Filesystem      Size  Used Avail Use% Mounted on
Build chunk1-sqlite	Free disk space	2026-02-16T16:25:48.9869825Z /dev/root       145G   53G   92G  37% /
Build chunk1-sqlite	Free disk space	2026-02-16T16:25:48.9870435Z tmpfs           7.9G   84K  7.9G   1% /dev/shm
Build chunk1-sqlite	Free disk space	2026-02-16T16:25:48.9871054Z tmpfs           3.2G 1008K  3.2G   1% /run
Build chunk1-sqlite	Free disk space	2026-02-16T16:25:48.9871678Z tmpfs           5.0M     0  5.0M   0% /run/lock
Build chunk1-sqlite	Free disk space	2026-02-16T16:25:48.9872653Z efivarfs        128M   32K  128M   1% /sys/firmware/efi/efivars
Build chunk1-sqlite	Free disk space	2026-02-16T16:25:48.9874398Z /dev/sda16      881M   63M  757M   8% /boot
Build chunk1-sqlite	Free disk space	2026-02-16T16:25:48.9875388Z /dev/sda15      105M  6.2M   99M   6% /boot/efi
Build chunk1-sqlite	Free disk space	2026-02-16T16:25:48.9876441Z tmpfs           1.6G   12K  1.6G   1% /run/user/1001
Build chunk1-sqlite	Free disk space	2026-02-16T16:26:45.2895011Z ==> Available space after cleanup
Build chunk1-sqlite	Free disk space	2026-02-16T16:26:45.2912335Z Filesystem      Size  Used Avail Use% Mounted on
Build chunk1-sqlite	Free disk space	2026-02-16T16:26:45.2913033Z /dev/root       145G   24G  121G  17% /
Build chunk1-sqlite	Free disk space	2026-02-16T16:26:45.2913402Z tmpfs           7.9G   84K  7.9G   1% /dev/shm
Build chunk1-sqlite	Free disk space	2026-02-16T16:26:45.2913830Z tmpfs           3.2G 1000K  3.2G   1% /run
Build chunk1-sqlite	Free disk space	2026-02-16T16:26:45.2914534Z tmpfs           5.0M     0  5.0M   0% /run/lock
Build chunk1-sqlite	Free disk space	2026-02-16T16:26:45.2914948Z efivarfs        128M   32K  128M   1% /sys/firmware/efi/efivars
Build chunk1-sqlite	Free disk space	2026-02-16T16:26:45.2915391Z /dev/sda16      881M   63M  757M   8% /boot
Build chunk1-sqlite	Free disk space	2026-02-16T16:26:45.2916549Z /dev/sda15      105M  6.2M   99M   6% /boot/efi
Build chunk1-sqlite	Free disk space	2026-02-16T16:26:45.2917234Z tmpfs           1.6G   12K  1.6G   1% /run/user/1001
Build chunk1-sqlite	Run actions/checkout@34e114876b0b11c390a56381ad16ebd13914f8d5	ï»¿2026-02-16T16:26:45.3108322Z ##[group]Run actions/checkout@34e114876b0b11c390a56381ad16ebd13914f8d5
Build chunk1-sqlite	Run actions/checkout@34e114876b0b11c390a56381ad16ebd13914f8d5	2026-02-16T16:26:45.3108773Z with:
Build chunk1-sqlite	Run actions/checkout@34e114876b0b11c390a56381ad16ebd13914f8d5	2026-02-16T16:26:45.3108998Z   repository: hanthor/egg
Build chunk1-sqlite	Run actions/checkout@34e114876b0b11c390a56381ad16ebd13914f8d5	2026-02-16T16:26:45.3109506Z   token: ***
Build chunk1-sqlite	Run actions/checkout@34e114876b0b11c390a56381ad16ebd13914f8d5	2026-02-16T16:26:45.3109733Z   ssh-strict: true
Build chunk1-sqlite	Run actions/checkout@34e114876b0b11c390a56381ad16ebd13914f8d5	2026-02-16T16:26:45.3110002Z   ssh-user: git
Build chunk1-sqlite	Run actions/checkout@34e114876b0b11c390a56381ad16ebd13914f8d5	2026-02-16T16:26:45.3110235Z   persist-credentials: true
Build chunk1-sqlite	Run actions/checkout@34e114876b0b11c390a56381ad16ebd13914f8d5	2026-02-16T16:26:45.3110483Z   clean: true
Build chunk1-sqlite	Run actions/checkout@34e114876b0b11c390a56381ad16ebd13914f8d5	2026-02-16T16:26:45.3110716Z   sparse-checkout-cone-mode: true
Build chunk1-sqlite	Run actions/checkout@34e114876b0b11c390a56381ad16ebd13914f8d5	2026-02-16T16:26:45.3110998Z   fetch-depth: 1
Build chunk1-sqlite	Run actions/checkout@34e114876b0b11c390a56381ad16ebd13914f8d5	2026-02-16T16:26:45.3111224Z   fetch-tags: false
Build chunk1-sqlite	Run actions/checkout@34e114876b0b11c390a56381ad16ebd13914f8d5	2026-02-16T16:26:45.3111451Z   show-progress: true
Build chunk1-sqlite	Run actions/checkout@34e114876b0b11c390a56381ad16ebd13914f8d5	2026-02-16T16:26:45.3111699Z   lfs: false
Build chunk1-sqlite	Run actions/checkout@34e114876b0b11c390a56381ad16ebd13914f8d5	2026-02-16T16:26:45.3111901Z   submodules: false
Build chunk1-sqlite	Run actions/checkout@34e114876b0b11c390a56381ad16ebd13914f8d5	2026-02-16T16:26:45.3112127Z   set-safe-directory: true
Build chunk1-sqlite	Run actions/checkout@34e114876b0b11c390a56381ad16ebd13914f8d5	2026-02-16T16:26:45.3112372Z env:
Build chunk1-sqlite	Run actions/checkout@34e114876b0b11c390a56381ad16ebd13914f8d5	2026-02-16T16:26:45.3112576Z   IMAGE_NAME: egg
Build chunk1-sqlite	Run actions/checkout@34e114876b0b11c390a56381ad16ebd13914f8d5	2026-02-16T16:26:45.3112800Z   IMAGE_REGISTRY: ghcr.io/hanthor
Build chunk1-sqlite	Run actions/checkout@34e114876b0b11c390a56381ad16ebd13914f8d5	2026-02-16T16:26:45.3113441Z   BST2_IMAGE: registry.gitlab.com/freedesktop-sdk/infrastructure/freedesktop-sdk-docker-images/bst2:f89b4aef847ef040b345acceda15a850219eb8f1
Build chunk1-sqlite	Run actions/checkout@34e114876b0b11c390a56381ad16ebd13914f8d5	2026-02-16T16:26:45.3114532Z   CACHE_GRPC_PORT: 9092
Build chunk1-sqlite	Run actions/checkout@34e114876b0b11c390a56381ad16ebd13914f8d5	2026-02-16T16:26:45.3114835Z   CACHE_HTTP_PORT: 8080
Build chunk1-sqlite	Run actions/checkout@34e114876b0b11c390a56381ad16ebd13914f8d5	2026-02-16T16:26:45.3115073Z ##[endgroup]
Build chunk1-sqlite	Run actions/checkout@34e114876b0b11c390a56381ad16ebd13914f8d5	2026-02-16T16:26:45.4334678Z Syncing repository: hanthor/egg
Build chunk1-sqlite	Run actions/checkout@34e114876b0b11c390a56381ad16ebd13914f8d5	2026-02-16T16:26:45.4336809Z ##[group]Getting Git version info
Build chunk1-sqlite	Run actions/checkout@34e114876b0b11c390a56381ad16ebd13914f8d5	2026-02-16T16:26:45.4337519Z Working directory is '/home/runner/work/egg/egg'
Build chunk1-sqlite	Run actions/checkout@34e114876b0b11c390a56381ad16ebd13914f8d5	2026-02-16T16:26:45.4338596Z [command]/usr/bin/git version
Build chunk1-sqlite	Run actions/checkout@34e114876b0b11c390a56381ad16ebd13914f8d5	2026-02-16T16:26:45.4354773Z git version 2.52.0
Build chunk1-sqlite	Run actions/checkout@34e114876b0b11c390a56381ad16ebd13914f8d5	2026-02-16T16:26:45.4381481Z ##[endgroup]
Build chunk1-sqlite	Run actions/checkout@34e114876b0b11c390a56381ad16ebd13914f8d5	2026-02-16T16:26:45.4396085Z Temporarily overriding HOME='/home/runner/work/_temp/985a25c7-9a6a-4e3f-856a-fcaa95361ca9' before making global git config changes
Build chunk1-sqlite	Run actions/checkout@34e114876b0b11c390a56381ad16ebd13914f8d5	2026-02-16T16:26:45.4397199Z Adding repository directory to the temporary git global config as a safe directory
Build chunk1-sqlite	Run actions/checkout@34e114876b0b11c390a56381ad16ebd13914f8d5	2026-02-16T16:26:45.4403252Z [command]/usr/bin/git config --global --add safe.directory /home/runner/work/egg/egg
Build chunk1-sqlite	Run actions/checkout@34e114876b0b11c390a56381ad16ebd13914f8d5	2026-02-16T16:26:45.4446145Z Deleting the contents of '/home/runner/work/egg/egg'
Build chunk1-sqlite	Run actions/checkout@34e114876b0b11c390a56381ad16ebd13914f8d5	2026-02-16T16:26:45.4450231Z ##[group]Initializing the repository
Build chunk1-sqlite	Run actions/checkout@34e114876b0b11c390a56381ad16ebd13914f8d5	2026-02-16T16:26:45.4455063Z [command]/usr/bin/git init /home/runner/work/egg/egg
Build chunk1-sqlite	Run actions/checkout@34e114876b0b11c390a56381ad16ebd13914f8d5	2026-02-16T16:26:45.4556757Z hint: Using 'master' as the name for the initial branch. This default branch name
Build chunk1-sqlite	Run actions/checkout@34e114876b0b11c390a56381ad16ebd13914f8d5	2026-02-16T16:26:45.4557904Z hint: will change to "main" in Git 3.0. To configure the initial branch name
Build chunk1-sqlite	Run actions/checkout@34e114876b0b11c390a56381ad16ebd13914f8d5	2026-02-16T16:26:45.4558620Z hint: to use in all of your new repositories, which will suppress this warning,
Build chunk1-sqlite	Run actions/checkout@34e114876b0b11c390a56381ad16ebd13914f8d5	2026-02-16T16:26:45.4559065Z hint: call:
Build chunk1-sqlite	Run actions/checkout@34e114876b0b11c390a56381ad16ebd13914f8d5	2026-02-16T16:26:45.4559296Z hint:
Build chunk1-sqlite	Run actions/checkout@34e114876b0b11c390a56381ad16ebd13914f8d5	2026-02-16T16:26:45.4559691Z hint: 	git config --global init.defaultBranch <name>
Build chunk1-sqlite	Run actions/checkout@34e114876b0b11c390a56381ad16ebd13914f8d5	2026-02-16T16:26:45.4560378Z hint:
Build chunk1-sqlite	Run actions/checkout@34e114876b0b11c390a56381ad16ebd13914f8d5	2026-02-16T16:26:45.4561010Z hint: Names commonly chosen instead of 'master' are 'main', 'trunk' and
Build chunk1-sqlite	Run actions/checkout@34e114876b0b11c390a56381ad16ebd13914f8d5	2026-02-16T16:26:45.4561645Z hint: 'development'. The just-created branch can be renamed via this command:
Build chunk1-sqlite	Run actions/checkout@34e114876b0b11c390a56381ad16ebd13914f8d5	2026-02-16T16:26:45.4562316Z hint:
Build chunk1-sqlite	Run actions/checkout@34e114876b0b11c390a56381ad16ebd13914f8d5	2026-02-16T16:26:45.4562757Z hint: 	git branch -m <name>
Build chunk1-sqlite	Run actions/checkout@34e114876b0b11c390a56381ad16ebd13914f8d5	2026-02-16T16:26:45.4563261Z hint:
Build chunk1-sqlite	Run actions/checkout@34e114876b0b11c390a56381ad16ebd13914f8d5	2026-02-16T16:26:45.4563927Z hint: Disable this message with "git config set advice.defaultBranchName false"
Build chunk1-sqlite	Run actions/checkout@34e114876b0b11c390a56381ad16ebd13914f8d5	2026-02-16T16:26:45.4565376Z Initialized empty Git repository in /home/runner/work/egg/egg/.git/
Build chunk1-sqlite	Run actions/checkout@34e114876b0b11c390a56381ad16ebd13914f8d5	2026-02-16T16:26:45.4574757Z [command]/usr/bin/git remote add origin https://github.com/hanthor/egg
Build chunk1-sqlite	Run actions/checkout@34e114876b0b11c390a56381ad16ebd13914f8d5	2026-02-16T16:26:45.4611089Z ##[endgroup]
Build chunk1-sqlite	Run actions/checkout@34e114876b0b11c390a56381ad16ebd13914f8d5	2026-02-16T16:26:45.4611882Z ##[group]Disabling automatic garbage collection
Build chunk1-sqlite	Run actions/checkout@34e114876b0b11c390a56381ad16ebd13914f8d5	2026-02-16T16:26:45.4617184Z [command]/usr/bin/git config --local gc.auto 0
Build chunk1-sqlite	Run actions/checkout@34e114876b0b11c390a56381ad16ebd13914f8d5	2026-02-16T16:26:45.4646015Z ##[endgroup]
Build chunk1-sqlite	Run actions/checkout@34e114876b0b11c390a56381ad16ebd13914f8d5	2026-02-16T16:26:45.4646692Z ##[group]Setting up auth
Build chunk1-sqlite	Run actions/checkout@34e114876b0b11c390a56381ad16ebd13914f8d5	2026-02-16T16:26:45.4653264Z [command]/usr/bin/git config --local --name-only --get-regexp core\.sshCommand
Build chunk1-sqlite	Run actions/checkout@34e114876b0b11c390a56381ad16ebd13914f8d5	2026-02-16T16:26:45.4684405Z [command]/usr/bin/git submodule foreach --recursive sh -c "git config --local --name-only --get-regexp 'core\.sshCommand' && git config --local --unset-all 'core.sshCommand' || :"
Build chunk1-sqlite	Run actions/checkout@34e114876b0b11c390a56381ad16ebd13914f8d5	2026-02-16T16:26:45.5032565Z [command]/usr/bin/git config --local --name-only --get-regexp http\.https\:\/\/github\.com\/\.extraheader
Build chunk1-sqlite	Run actions/checkout@34e114876b0b11c390a56381ad16ebd13914f8d5	2026-02-16T16:26:45.5065265Z [command]/usr/bin/git submodule foreach --recursive sh -c "git config --local --name-only --get-regexp 'http\.https\:\/\/github\.com\/\.extraheader' && git config --local --unset-all 'http.https://github.com/.extraheader' || :"
Build chunk1-sqlite	Run actions/checkout@34e114876b0b11c390a56381ad16ebd13914f8d5	2026-02-16T16:26:45.5314443Z [command]/usr/bin/git config --local --name-only --get-regexp ^includeIf\.gitdir:
Build chunk1-sqlite	Run actions/checkout@34e114876b0b11c390a56381ad16ebd13914f8d5	2026-02-16T16:26:45.5349542Z [command]/usr/bin/git submodule foreach --recursive git config --local --show-origin --name-only --get-regexp remote.origin.url
Build chunk1-sqlite	Run actions/checkout@34e114876b0b11c390a56381ad16ebd13914f8d5	2026-02-16T16:26:45.5592111Z [command]/usr/bin/git config --local http.https://github.com/.extraheader AUTHORIZATION: basic ***
Build chunk1-sqlite	Run actions/checkout@34e114876b0b11c390a56381ad16ebd13914f8d5	2026-02-16T16:26:45.5629801Z ##[endgroup]
Build chunk1-sqlite	Run actions/checkout@34e114876b0b11c390a56381ad16ebd13914f8d5	2026-02-16T16:26:45.5630695Z ##[group]Fetching the repository
Build chunk1-sqlite	Run actions/checkout@34e114876b0b11c390a56381ad16ebd13914f8d5	2026-02-16T16:26:45.5639984Z [command]/usr/bin/git -c protocol.version=2 fetch --no-tags --prune --no-recurse-submodules --depth=1 origin +5733b8cba6d77de85e1382005d96d6ec07ec3a68:refs/remotes/pull/2/merge
Build chunk1-sqlite	Run actions/checkout@34e114876b0b11c390a56381ad16ebd13914f8d5	2026-02-16T16:26:45.8830078Z From https://github.com/hanthor/egg
Build chunk1-sqlite	Run actions/checkout@34e114876b0b11c390a56381ad16ebd13914f8d5	2026-02-16T16:26:45.8830872Z  * [new ref]         5733b8cba6d77de85e1382005d96d6ec07ec3a68 -> pull/2/merge
Build chunk1-sqlite	Run actions/checkout@34e114876b0b11c390a56381ad16ebd13914f8d5	2026-02-16T16:26:45.8872750Z ##[endgroup]
Build chunk1-sqlite	Run actions/checkout@34e114876b0b11c390a56381ad16ebd13914f8d5	2026-02-16T16:26:45.8873349Z ##[group]Determining the checkout info
Build chunk1-sqlite	Run actions/checkout@34e114876b0b11c390a56381ad16ebd13914f8d5	2026-02-16T16:26:45.8875345Z ##[endgroup]
Build chunk1-sqlite	Run actions/checkout@34e114876b0b11c390a56381ad16ebd13914f8d5	2026-02-16T16:26:45.8882932Z [command]/usr/bin/git sparse-checkout disable
Build chunk1-sqlite	Run actions/checkout@34e114876b0b11c390a56381ad16ebd13914f8d5	2026-02-16T16:26:45.8932392Z [command]/usr/bin/git config --local --unset-all extensions.worktreeConfig
Build chunk1-sqlite	Run actions/checkout@34e114876b0b11c390a56381ad16ebd13914f8d5	2026-02-16T16:26:45.8966799Z ##[group]Checking out the ref
Build chunk1-sqlite	Run actions/checkout@34e114876b0b11c390a56381ad16ebd13914f8d5	2026-02-16T16:26:45.8971634Z [command]/usr/bin/git checkout --progress --force refs/remotes/pull/2/merge
Build chunk1-sqlite	Run actions/checkout@34e114876b0b11c390a56381ad16ebd13914f8d5	2026-02-16T16:26:45.9128029Z Note: switching to 'refs/remotes/pull/2/merge'.
Build chunk1-sqlite	Run actions/checkout@34e114876b0b11c390a56381ad16ebd13914f8d5	2026-02-16T16:26:45.9128458Z 
Build chunk1-sqlite	Run actions/checkout@34e114876b0b11c390a56381ad16ebd13914f8d5	2026-02-16T16:26:45.9128761Z You are in 'detached HEAD' state. You can look around, make experimental
Build chunk1-sqlite	Run actions/checkout@34e114876b0b11c390a56381ad16ebd13914f8d5	2026-02-16T16:26:45.9129553Z changes and commit them, and you can discard any commits you make in this
Build chunk1-sqlite	Run actions/checkout@34e114876b0b11c390a56381ad16ebd13914f8d5	2026-02-16T16:26:45.9130437Z state without impacting any branches by switching back to a branch.
Build chunk1-sqlite	Run actions/checkout@34e114876b0b11c390a56381ad16ebd13914f8d5	2026-02-16T16:26:45.9130990Z 
Build chunk1-sqlite	Run actions/checkout@34e114876b0b11c390a56381ad16ebd13914f8d5	2026-02-16T16:26:45.9131316Z If you want to create a new branch to retain commits you create, you may
Build chunk1-sqlite	Run actions/checkout@34e114876b0b11c390a56381ad16ebd13914f8d5	2026-02-16T16:26:45.9132168Z do so (now or later) by using -c with the switch command. Example:
Build chunk1-sqlite	Run actions/checkout@34e114876b0b11c390a56381ad16ebd13914f8d5	2026-02-16T16:26:45.9132664Z 
Build chunk1-sqlite	Run actions/checkout@34e114876b0b11c390a56381ad16ebd13914f8d5	2026-02-16T16:26:45.9132847Z   git switch -c <new-branch-name>
Build chunk1-sqlite	Run actions/checkout@34e114876b0b11c390a56381ad16ebd13914f8d5	2026-02-16T16:26:45.9133200Z 
Build chunk1-sqlite	Run actions/checkout@34e114876b0b11c390a56381ad16ebd13914f8d5	2026-02-16T16:26:45.9133375Z Or undo this operation with:
Build chunk1-sqlite	Run actions/checkout@34e114876b0b11c390a56381ad16ebd13914f8d5	2026-02-16T16:26:45.9133686Z 
Build chunk1-sqlite	Run actions/checkout@34e114876b0b11c390a56381ad16ebd13914f8d5	2026-02-16T16:26:45.9133842Z   git switch -
Build chunk1-sqlite	Run actions/checkout@34e114876b0b11c390a56381ad16ebd13914f8d5	2026-02-16T16:26:45.9134529Z 
Build chunk1-sqlite	Run actions/checkout@34e114876b0b11c390a56381ad16ebd13914f8d5	2026-02-16T16:26:45.9135190Z Turn off this advice by setting config variable advice.detachedHead to false
Build chunk1-sqlite	Run actions/checkout@34e114876b0b11c390a56381ad16ebd13914f8d5	2026-02-16T16:26:45.9135735Z 
Build chunk1-sqlite	Run actions/checkout@34e114876b0b11c390a56381ad16ebd13914f8d5	2026-02-16T16:26:45.9136320Z HEAD is now at 5733b8c Merge 23e5ec0ad8b38b7f5625cdd552a5a638e8486bac into 64741dbb8cfc41ef04228a075698457e4f2004aa
Build chunk1-sqlite	Run actions/checkout@34e114876b0b11c390a56381ad16ebd13914f8d5	2026-02-16T16:26:45.9146379Z ##[endgroup]
Build chunk1-sqlite	Run actions/checkout@34e114876b0b11c390a56381ad16ebd13914f8d5	2026-02-16T16:26:45.9202272Z [command]/usr/bin/git log -1 --format=%H
Build chunk1-sqlite	Run actions/checkout@34e114876b0b11c390a56381ad16ebd13914f8d5	2026-02-16T16:26:45.9235554Z 5733b8cba6d77de85e1382005d96d6ec07ec3a68
Build chunk1-sqlite	Run podman pull "$BST2_IMAGE"	ï»¿2026-02-16T16:26:45.9386428Z ##[group]Run podman pull "$BST2_IMAGE"
Build chunk1-sqlite	Run podman pull "$BST2_IMAGE"	2026-02-16T16:26:45.9386875Z [36;1mpodman pull "$BST2_IMAGE"[0m
Build chunk1-sqlite	Run podman pull "$BST2_IMAGE"	2026-02-16T16:26:45.9452750Z shell: /usr/bin/bash -e {0}
Build chunk1-sqlite	Run podman pull "$BST2_IMAGE"	2026-02-16T16:26:45.9453155Z env:
Build chunk1-sqlite	Run podman pull "$BST2_IMAGE"	2026-02-16T16:26:45.9453425Z   IMAGE_NAME: egg
Build chunk1-sqlite	Run podman pull "$BST2_IMAGE"	2026-02-16T16:26:45.9453773Z   IMAGE_REGISTRY: ghcr.io/hanthor
Build chunk1-sqlite	Run podman pull "$BST2_IMAGE"	2026-02-16T16:26:45.9454928Z   BST2_IMAGE: registry.gitlab.com/freedesktop-sdk/infrastructure/freedesktop-sdk-docker-images/bst2:f89b4aef847ef040b345acceda15a850219eb8f1
Build chunk1-sqlite	Run podman pull "$BST2_IMAGE"	2026-02-16T16:26:45.9456009Z   CACHE_GRPC_PORT: 9092
Build chunk1-sqlite	Run podman pull "$BST2_IMAGE"	2026-02-16T16:26:45.9456356Z   CACHE_HTTP_PORT: 8080
Build chunk1-sqlite	Run podman pull "$BST2_IMAGE"	2026-02-16T16:26:45.9456676Z ##[endgroup]
Build chunk1-sqlite	Run podman pull "$BST2_IMAGE"	2026-02-16T16:26:46.1058263Z Trying to pull registry.gitlab.com/freedesktop-sdk/infrastructure/freedesktop-sdk-docker-images/bst2:f89b4aef847ef040b345acceda15a850219eb8f1...
Build chunk1-sqlite	Run podman pull "$BST2_IMAGE"	2026-02-16T16:26:46.9037255Z Getting image source signatures
Build chunk1-sqlite	Run podman pull "$BST2_IMAGE"	2026-02-16T16:26:46.9045739Z Copying blob sha256:9b141fb22193d37cff5e81fb83503ca4708ad99449adf45bf4e7c60a4c141f1c
Build chunk1-sqlite	Run podman pull "$BST2_IMAGE"	2026-02-16T16:26:46.9046756Z Copying blob sha256:310d34cd6fa6ba2610968900e09f45a69236bcc45dd78af2ac13023212bd914c
Build chunk1-sqlite	Run podman pull "$BST2_IMAGE"	2026-02-16T16:27:03.7645947Z Copying config sha256:5006b72956f5bf0ae195974af2770fbb6f503e267397810846ac3ba73df4836f
Build chunk1-sqlite	Run podman pull "$BST2_IMAGE"	2026-02-16T16:27:03.7665455Z Writing manifest to image destination
Build chunk1-sqlite	Run podman pull "$BST2_IMAGE"	2026-02-16T16:27:03.8594375Z 5006b72956f5bf0ae195974af2770fbb6f503e267397810846ac3ba73df4836f
Build chunk1-sqlite	Run ./scripts/setup-buildstream.sh	ï»¿2026-02-16T16:27:03.8873910Z ##[group]Run ./scripts/setup-buildstream.sh
Build chunk1-sqlite	Run ./scripts/setup-buildstream.sh	2026-02-16T16:27:03.8874615Z [36;1m./scripts/setup-buildstream.sh[0m
Build chunk1-sqlite	Run ./scripts/setup-buildstream.sh	2026-02-16T16:27:03.8918609Z shell: /usr/bin/bash -e {0}
Build chunk1-sqlite	Run ./scripts/setup-buildstream.sh	2026-02-16T16:27:03.8918835Z env:
Build chunk1-sqlite	Run ./scripts/setup-buildstream.sh	2026-02-16T16:27:03.8918993Z   IMAGE_NAME: egg
Build chunk1-sqlite	Run ./scripts/setup-buildstream.sh	2026-02-16T16:27:03.8919202Z   IMAGE_REGISTRY: ghcr.io/hanthor
Build chunk1-sqlite	Run ./scripts/setup-buildstream.sh	2026-02-16T16:27:03.8919801Z   BST2_IMAGE: registry.gitlab.com/freedesktop-sdk/infrastructure/freedesktop-sdk-docker-images/bst2:f89b4aef847ef040b345acceda15a850219eb8f1
Build chunk1-sqlite	Run ./scripts/setup-buildstream.sh	2026-02-16T16:27:03.8920424Z   CACHE_GRPC_PORT: 9092
Build chunk1-sqlite	Run ./scripts/setup-buildstream.sh	2026-02-16T16:27:03.8920622Z   CACHE_HTTP_PORT: 8080
Build chunk1-sqlite	Run ./scripts/setup-buildstream.sh	2026-02-16T16:27:03.8920813Z ##[endgroup]
Build chunk1-sqlite	Run ./scripts/setup-buildstream.sh	2026-02-16T16:27:03.9032675Z scheduler:
Build chunk1-sqlite	Run ./scripts/setup-buildstream.sh	2026-02-16T16:27:03.9033005Z   on-error: continue
Build chunk1-sqlite	Run ./scripts/setup-buildstream.sh	2026-02-16T16:27:03.9033337Z   fetchers: 12
Build chunk1-sqlite	Run ./scripts/setup-buildstream.sh	2026-02-16T16:27:03.9033628Z   builders: 1
Build chunk1-sqlite	Run ./scripts/setup-buildstream.sh	2026-02-16T16:27:03.9033838Z   network-retries: 3
Build chunk1-sqlite	Run ./scripts/setup-buildstream.sh	2026-02-16T16:27:03.9033975Z 
Build chunk1-sqlite	Run ./scripts/setup-buildstream.sh	2026-02-16T16:27:03.9034270Z logging:
Build chunk1-sqlite	Run ./scripts/setup-buildstream.sh	2026-02-16T16:27:03.9034607Z   message-format: '[%{wallclock}][%{elapsed}][%{key}][%{element}] %{action} %{message}'
Build chunk1-sqlite	Run ./scripts/setup-buildstream.sh	2026-02-16T16:27:03.9035069Z   error-lines: 80
Build chunk1-sqlite	Run ./scripts/setup-buildstream.sh	2026-02-16T16:27:03.9035198Z 
Build chunk1-sqlite	Run ./scripts/setup-buildstream.sh	2026-02-16T16:27:03.9035262Z build:
Build chunk1-sqlite	Run ./scripts/setup-buildstream.sh	2026-02-16T16:27:03.9035418Z   max-jobs: 0
Build chunk1-sqlite	Run ./scripts/setup-buildstream.sh	2026-02-16T16:27:03.9035591Z   retry-failed: True
Build chunk1-sqlite	Run ./scripts/setup-buildstream.sh	2026-02-16T16:27:03.9035717Z 
Build chunk1-sqlite	Run ./scripts/setup-buildstream.sh	2026-02-16T16:27:03.9036009Z cache:
Build chunk1-sqlite	Run ./scripts/setup-buildstream.sh	2026-02-16T16:27:03.9036175Z   cache-buildtrees: never
Build chunk1-sqlite	Calculate Cache Key	ï»¿2026-02-16T16:27:03.9065063Z ##[group]Run # Calculate hash of the target elements to uniquely identify this chunk's workload
Build chunk1-sqlite	Calculate Cache Key	2026-02-16T16:27:03.9065754Z [36;1m# Calculate hash of the target elements to uniquely identify this chunk's workload[0m
Build chunk1-sqlite	Calculate Cache Key	2026-02-16T16:27:03.9066196Z [36;1mecho "Calculating cache key for: $TARGETS"[0m
Build chunk1-sqlite	Calculate Cache Key	2026-02-16T16:27:03.9066550Z [36;1mpodman run --rm --privileged --device /dev/fuse \[0m
Build chunk1-sqlite	Calculate Cache Key	2026-02-16T16:27:03.9066880Z [36;1m  -v "/home/runner/work/egg/egg:/src:rw" \[0m
Build chunk1-sqlite	Calculate Cache Key	2026-02-16T16:27:03.9067292Z [36;1m  -v "/home/runner/work/egg/egg/.cache/buildstream:/root/.cache/buildstream:rw" \[0m
Build chunk1-sqlite	Calculate Cache Key	2026-02-16T16:27:03.9067682Z [36;1m  -w /src "$BST2_IMAGE" \[0m
Build chunk1-sqlite	Calculate Cache Key	2026-02-16T16:27:03.9068202Z [36;1m  bash -c "bst --no-interactive --config buildstream-ci.conf show --deps none --format '%{full-key}' $TARGETS" > keys.txt[0m
Build chunk1-sqlite	Calculate Cache Key	2026-02-16T16:27:03.9068724Z [36;1m[0m
Build chunk1-sqlite	Calculate Cache Key	2026-02-16T16:27:03.9068892Z [36;1mif [ -s keys.txt ]; then[0m
Build chunk1-sqlite	Calculate Cache Key	2026-02-16T16:27:03.9069219Z [36;1m  CACHE_TAG=$(cat keys.txt | sort | sha256sum | awk '{print $1}')[0m
Build chunk1-sqlite	Calculate Cache Key	2026-02-16T16:27:03.9069618Z [36;1m  echo "CACHE_TAG=$CACHE_TAG" >> "$GITHUB_ENV"[0m
Build chunk1-sqlite	Calculate Cache Key	2026-02-16T16:27:03.9069901Z [36;1m  echo "Cache Tag: $CACHE_TAG"[0m
Build chunk1-sqlite	Calculate Cache Key	2026-02-16T16:27:03.9070125Z [36;1melse[0m
Build chunk1-sqlite	Calculate Cache Key	2026-02-16T16:27:03.9070335Z [36;1m  echo "Failed to generate keys for cache."[0m
Build chunk1-sqlite	Calculate Cache Key	2026-02-16T16:27:03.9070624Z [36;1m  echo "CACHE_TAG=unknown" >> "$GITHUB_ENV"[0m
Build chunk1-sqlite	Calculate Cache Key	2026-02-16T16:27:03.9070874Z [36;1mfi[0m
Build chunk1-sqlite	Calculate Cache Key	2026-02-16T16:27:03.9115724Z shell: /usr/bin/bash -e {0}
Build chunk1-sqlite	Calculate Cache Key	2026-02-16T16:27:03.9115963Z env:
Build chunk1-sqlite	Calculate Cache Key	2026-02-16T16:27:03.9116122Z   IMAGE_NAME: egg
Build chunk1-sqlite	Calculate Cache Key	2026-02-16T16:27:03.9116321Z   IMAGE_REGISTRY: ghcr.io/hanthor
Build chunk1-sqlite	Calculate Cache Key	2026-02-16T16:27:03.9116926Z   BST2_IMAGE: registry.gitlab.com/freedesktop-sdk/infrastructure/freedesktop-sdk-docker-images/bst2:f89b4aef847ef040b345acceda15a850219eb8f1
Build chunk1-sqlite	Calculate Cache Key	2026-02-16T16:27:03.9117537Z   CACHE_GRPC_PORT: 9092
Build chunk1-sqlite	Calculate Cache Key	2026-02-16T16:27:03.9117748Z   CACHE_HTTP_PORT: 8080
Build chunk1-sqlite	Calculate Cache Key	2026-02-16T16:27:03.9117940Z ##[endgroup]
Build chunk1-sqlite	Calculate Cache Key	2026-02-16T16:27:03.9182208Z Calculating cache key for: 
Build chunk1-sqlite	Calculate Cache Key	2026-02-16T16:27:03.9658716Z Error: statfs /home/runner/work/egg/egg/.cache/buildstream: no such file or directory
Build chunk1-sqlite	Calculate Cache Key	2026-02-16T16:27:03.9694843Z ##[error]Process completed with exit code 125.
Build chunk1-sqlite	Run actions/upload-artifact@ea165f8d65b6e75b540449e92b4886f43607fa02	ï»¿2026-02-16T16:27:03.9876118Z ##[group]Run actions/upload-artifact@ea165f8d65b6e75b540449e92b4886f43607fa02
Build chunk1-sqlite	Run actions/upload-artifact@ea165f8d65b6e75b540449e92b4886f43607fa02	2026-02-16T16:27:03.9876523Z with:
Build chunk1-sqlite	Run actions/upload-artifact@ea165f8d65b6e75b540449e92b4886f43607fa02	2026-02-16T16:27:03.9876702Z   name: build-logs-chunk1-sqlite
Build chunk1-sqlite	Run actions/upload-artifact@ea165f8d65b6e75b540449e92b4886f43607fa02	2026-02-16T16:27:03.9876931Z   path: logs/
Build chunk1-sqlite	Run actions/upload-artifact@ea165f8d65b6e75b540449e92b4886f43607fa02	2026-02-16T16:27:03.9877100Z   retention-days: 7
Build chunk1-sqlite	Run actions/upload-artifact@ea165f8d65b6e75b540449e92b4886f43607fa02	2026-02-16T16:27:03.9877288Z   if-no-files-found: warn
Build chunk1-sqlite	Run actions/upload-artifact@ea165f8d65b6e75b540449e92b4886f43607fa02	2026-02-16T16:27:03.9877494Z   compression-level: 6
Build chunk1-sqlite	Run actions/upload-artifact@ea165f8d65b6e75b540449e92b4886f43607fa02	2026-02-16T16:27:03.9877682Z   overwrite: false
Build chunk1-sqlite	Run actions/upload-artifact@ea165f8d65b6e75b540449e92b4886f43607fa02	2026-02-16T16:27:03.9877872Z   include-hidden-files: false
Build chunk1-sqlite	Run actions/upload-artifact@ea165f8d65b6e75b540449e92b4886f43607fa02	2026-02-16T16:27:03.9878077Z env:
Build chunk1-sqlite	Run actions/upload-artifact@ea165f8d65b6e75b540449e92b4886f43607fa02	2026-02-16T16:27:03.9878233Z   IMAGE_NAME: egg
Build chunk1-sqlite	Run actions/upload-artifact@ea165f8d65b6e75b540449e92b4886f43607fa02	2026-02-16T16:27:03.9878415Z   IMAGE_REGISTRY: ghcr.io/hanthor
Build chunk1-sqlite	Run actions/upload-artifact@ea165f8d65b6e75b540449e92b4886f43607fa02	2026-02-16T16:27:03.9879010Z   BST2_IMAGE: registry.gitlab.com/freedesktop-sdk/infrastructure/freedesktop-sdk-docker-images/bst2:f89b4aef847ef040b345acceda15a850219eb8f1
Build chunk1-sqlite	Run actions/upload-artifact@ea165f8d65b6e75b540449e92b4886f43607fa02	2026-02-16T16:27:03.9879627Z   CACHE_GRPC_PORT: 9092
Build chunk1-sqlite	Run actions/upload-artifact@ea165f8d65b6e75b540449e92b4886f43607fa02	2026-02-16T16:27:03.9879827Z   CACHE_HTTP_PORT: 8080
Build chunk1-sqlite	Run actions/upload-artifact@ea165f8d65b6e75b540449e92b4886f43607fa02	2026-02-16T16:27:03.9880015Z ##[endgroup]
Build chunk1-sqlite	Run actions/upload-artifact@ea165f8d65b6e75b540449e92b4886f43607fa02	2026-02-16T16:27:04.2160280Z ##[warning]No files were found with the provided path: logs/. No artifacts will be uploaded.
Build chunk1-sqlite	Post Run actions/checkout@34e114876b0b11c390a56381ad16ebd13914f8d5	ï»¿2026-02-16T16:27:04.2293459Z Post job cleanup.
Build chunk1-sqlite	Post Run actions/checkout@34e114876b0b11c390a56381ad16ebd13914f8d5	2026-02-16T16:27:04.3286204Z [command]/usr/bin/git version
Build chunk1-sqlite	Post Run actions/checkout@34e114876b0b11c390a56381ad16ebd13914f8d5	2026-02-16T16:27:04.3324002Z git version 2.52.0
Build chunk1-sqlite	Post Run actions/checkout@34e114876b0b11c390a56381ad16ebd13914f8d5	2026-02-16T16:27:04.3375669Z Temporarily overriding HOME='/home/runner/work/_temp/5855ceb8-81ad-427c-9c91-353b21ed1c80' before making global git config changes
Build chunk1-sqlite	Post Run actions/checkout@34e114876b0b11c390a56381ad16ebd13914f8d5	2026-02-16T16:27:04.3376787Z Adding repository directory to the temporary git global config as a safe directory
Build chunk1-sqlite	Post Run actions/checkout@34e114876b0b11c390a56381ad16ebd13914f8d5	2026-02-16T16:27:04.3381026Z [command]/usr/bin/git config --global --add safe.directory /home/runner/work/egg/egg
Build chunk1-sqlite	Post Run actions/checkout@34e114876b0b11c390a56381ad16ebd13914f8d5	2026-02-16T16:27:04.3417760Z [command]/usr/bin/git config --local --name-only --get-regexp core\.sshCommand
Build chunk1-sqlite	Post Run actions/checkout@34e114876b0b11c390a56381ad16ebd13914f8d5	2026-02-16T16:27:04.3452678Z [command]/usr/bin/git submodule foreach --recursive sh -c "git config --local --name-only --get-regexp 'core\.sshCommand' && git config --local --unset-all 'core.sshCommand' || :"
Build chunk1-sqlite	Post Run actions/checkout@34e114876b0b11c390a56381ad16ebd13914f8d5	2026-02-16T16:27:04.3702820Z [command]/usr/bin/git config --local --name-only --get-regexp http\.https\:\/\/github\.com\/\.extraheader
Build chunk1-sqlite	Post Run actions/checkout@34e114876b0b11c390a56381ad16ebd13914f8d5	2026-02-16T16:27:04.3726568Z http.https://github.com/.extraheader
Build chunk1-sqlite	Post Run actions/checkout@34e114876b0b11c390a56381ad16ebd13914f8d5	2026-02-16T16:27:04.3740130Z [command]/usr/bin/git config --local --unset-all http.https://github.com/.extraheader
Build chunk1-sqlite	Post Run actions/checkout@34e114876b0b11c390a56381ad16ebd13914f8d5	2026-02-16T16:27:04.3773293Z [command]/usr/bin/git submodule foreach --recursive sh -c "git config --local --name-only --get-regexp 'http\.https\:\/\/github\.com\/\.extraheader' && git config --local --unset-all 'http.https://github.com/.extraheader' || :"
Build chunk1-sqlite	Post Run actions/checkout@34e114876b0b11c390a56381ad16ebd13914f8d5	2026-02-16T16:27:04.4012272Z [command]/usr/bin/git config --local --name-only --get-regexp ^includeIf\.gitdir:
Build chunk1-sqlite	Post Run actions/checkout@34e114876b0b11c390a56381ad16ebd13914f8d5	2026-02-16T16:27:04.4047003Z [command]/usr/bin/git submodule foreach --recursive git config --local --show-origin --name-only --get-regexp remote.origin.url
Build chunk1-sqlite	Complete job	ï»¿2026-02-16T16:27:04.4421858Z Cleaning up orphan processes
Build chunk1-sqlite	Complete job	2026-02-16T16:27:04.4732967Z Terminate orphan process: pid (2281) (catatonit)
