planning	Set up job	ï»¿2026-02-17T02:47:43.5666762Z Current runner version: '2.331.0'
planning	Set up job	2026-02-17T02:47:43.5693481Z ##[group]Runner Image Provisioner
planning	Set up job	2026-02-17T02:47:43.5694271Z Hosted Compute Agent
planning	Set up job	2026-02-17T02:47:43.5694818Z Version: 20260123.484
planning	Set up job	2026-02-17T02:47:43.5695489Z Commit: 6bd6555ca37d84114959e1c76d2c01448ff61c5d
planning	Set up job	2026-02-17T02:47:43.5696201Z Build Date: 2026-01-23T19:41:17Z
planning	Set up job	2026-02-17T02:47:43.5696860Z Worker ID: {d16f2ff6-91e4-4a8e-ae54-daeeac2871dd}
planning	Set up job	2026-02-17T02:47:43.5697659Z Azure Region: westus
planning	Set up job	2026-02-17T02:47:43.5698218Z ##[endgroup]
planning	Set up job	2026-02-17T02:47:43.5700068Z ##[group]Operating System
planning	Set up job	2026-02-17T02:47:43.5700820Z Ubuntu
planning	Set up job	2026-02-17T02:47:43.5701282Z 24.04.3
planning	Set up job	2026-02-17T02:47:43.5701801Z LTS
planning	Set up job	2026-02-17T02:47:43.5702279Z ##[endgroup]
planning	Set up job	2026-02-17T02:47:43.5702818Z ##[group]Runner Image
planning	Set up job	2026-02-17T02:47:43.5703340Z Image: ubuntu-24.04
planning	Set up job	2026-02-17T02:47:43.5703914Z Version: 20260209.23.1
planning	Set up job	2026-02-17T02:47:43.5704948Z Included Software: https://github.com/actions/runner-images/blob/ubuntu24/20260209.23/images/ubuntu/Ubuntu2404-Readme.md
planning	Set up job	2026-02-17T02:47:43.5706704Z Image Release: https://github.com/actions/runner-images/releases/tag/ubuntu24%2F20260209.23
planning	Set up job	2026-02-17T02:47:43.5707630Z ##[endgroup]
planning	Set up job	2026-02-17T02:47:43.5710346Z ##[group]GITHUB_TOKEN Permissions
planning	Set up job	2026-02-17T02:47:43.5712350Z Actions: write
planning	Set up job	2026-02-17T02:47:43.5712996Z ArtifactMetadata: write
planning	Set up job	2026-02-17T02:47:43.5713517Z Attestations: write
planning	Set up job	2026-02-17T02:47:43.5714158Z Checks: write
planning	Set up job	2026-02-17T02:47:43.5714660Z Contents: write
planning	Set up job	2026-02-17T02:47:43.5715124Z Deployments: write
planning	Set up job	2026-02-17T02:47:43.5715718Z Discussions: write
planning	Set up job	2026-02-17T02:47:43.5716234Z Issues: write
planning	Set up job	2026-02-17T02:47:43.5716718Z Metadata: read
planning	Set up job	2026-02-17T02:47:43.5717286Z Models: read
planning	Set up job	2026-02-17T02:47:43.5717802Z Packages: write
planning	Set up job	2026-02-17T02:47:43.5718274Z Pages: write
planning	Set up job	2026-02-17T02:47:43.5719213Z PullRequests: write
planning	Set up job	2026-02-17T02:47:43.5719984Z RepositoryProjects: write
planning	Set up job	2026-02-17T02:47:43.5720541Z SecurityEvents: write
planning	Set up job	2026-02-17T02:47:43.5721159Z Statuses: write
planning	Set up job	2026-02-17T02:47:43.5721634Z ##[endgroup]
planning	Set up job	2026-02-17T02:47:43.5723644Z Secret source: Actions
planning	Set up job	2026-02-17T02:47:43.5724396Z Prepare workflow directory
planning	Set up job	2026-02-17T02:47:43.6313103Z Prepare all required actions
planning	Set up job	2026-02-17T02:47:43.6350536Z Getting action download info
planning	Set up job	2026-02-17T02:47:44.0954074Z Download action repository 'ublue-os/remove-unwanted-software@695eb75bc387dbcd9685a8e72d23439d8686cba6' (SHA:695eb75bc387dbcd9685a8e72d23439d8686cba6)
planning	Set up job	2026-02-17T02:47:44.7762542Z Download action repository 'actions/checkout@34e114876b0b11c390a56381ad16ebd13914f8d5' (SHA:34e114876b0b11c390a56381ad16ebd13914f8d5)
planning	Set up job	2026-02-17T02:47:44.8185713Z Download action repository 'actions/cache@v4' (SHA:0057852bfaa89a56745cba8c7296529d2fc39830)
planning	Set up job	2026-02-17T02:47:44.9251948Z Download action repository 'actions/upload-artifact@ea165f8d65b6e75b540449e92b4886f43607fa02' (SHA:ea165f8d65b6e75b540449e92b4886f43607fa02)
planning	Set up job	2026-02-17T02:47:45.1611531Z Complete job name: planning
planning	Free disk space	ï»¿2026-02-17T02:47:45.2284154Z ##[group]Run ublue-os/remove-unwanted-software@695eb75bc387dbcd9685a8e72d23439d8686cba6
planning	Free disk space	2026-02-17T02:47:45.2285928Z with:
planning	Free disk space	2026-02-17T02:47:45.2286554Z   extra-squeeze: false
planning	Free disk space	2026-02-17T02:47:45.2287439Z env:
planning	Free disk space	2026-02-17T02:47:45.2288058Z   IMAGE_NAME: egg
planning	Free disk space	2026-02-17T02:47:45.2288738Z   IMAGE_REGISTRY: ghcr.io/hanthor
planning	Free disk space	2026-02-17T02:47:45.2290886Z   BST2_IMAGE: registry.gitlab.com/freedesktop-sdk/infrastructure/freedesktop-sdk-docker-images/bst2:f89b4aef847ef040b345acceda15a850219eb8f1
planning	Free disk space	2026-02-17T02:47:45.2292940Z   CACHE_GRPC_PORT: 9092
planning	Free disk space	2026-02-17T02:47:45.2293645Z   CACHE_HTTP_PORT: 8080
planning	Free disk space	2026-02-17T02:47:45.2294348Z ##[endgroup]
planning	Free disk space	2026-02-17T02:47:45.2399481Z ##[group]Run echo "==> Available space before cleanup"
planning	Free disk space	2026-02-17T02:47:45.2400750Z [36;1mecho "==> Available space before cleanup"[0m
planning	Free disk space	2026-02-17T02:47:45.2401717Z [36;1mdf -h[0m
planning	Free disk space	2026-02-17T02:47:45.2402386Z [36;1m# Remove swapfile (3gb)[0m
planning	Free disk space	2026-02-17T02:47:45.2403354Z [36;1m# swapoff is required for arm, but not for x64?[0m
planning	Free disk space	2026-02-17T02:47:45.2404730Z [36;1msudo swapoff -a || true; sudo rm -f /swapfile || true[0m
planning	Free disk space	2026-02-17T02:47:45.2406089Z [36;1m# Remove toolchains, browsers[0m
planning	Free disk space	2026-02-17T02:47:45.2406966Z [36;1mshopt -s nullglob[0m
planning	Free disk space	2026-02-17T02:47:45.2407728Z [36;1mEXTRAPKG=""[0m
planning	Free disk space	2026-02-17T02:47:45.2408442Z [36;1mif [ "false" = "true" ]; then[0m
planning	Free disk space	2026-02-17T02:47:45.2409680Z [36;1m  # These have a lot of small files and are a bit slower to remove[0m
planning	Free disk space	2026-02-17T02:47:45.2411075Z [36;1m  EXTRAPKG="/usr/share/miniconda /opt/hostedtoolcache"[0m
planning	Free disk space	2026-02-17T02:47:45.2412125Z [36;1mfi[0m
planning	Free disk space	2026-02-17T02:47:45.2413095Z [36;1mprintf '%s\0' /opt/PyPy /opt/az /opt/node/ /opt/pipx /opt/go /opt/Ruby \[0m
planning	Free disk space	2026-02-17T02:47:45.2414749Z [36;1m    /usr/lib/llvm-* /usr/local/julia* /usr/local/lib/android /usr/share/dotnet \[0m
planning	Free disk space	2026-02-17T02:47:45.2416452Z [36;1m    /usr/share/swift /usr/local/.ghcup /usr/lib/firefox /opt/google/chrome \[0m
planning	Free disk space	2026-02-17T02:47:45.2417809Z [36;1m    /opt/microsoft/msedge $EXTRAPKG \[0m
planning	Free disk space	2026-02-17T02:47:45.2418787Z [36;1m    | sudo xargs -0 -n1 -P4 rm -rf[0m
planning	Free disk space	2026-02-17T02:47:45.2420153Z [36;1mecho "==> Available space after cleanup"[0m
planning	Free disk space	2026-02-17T02:47:45.2421108Z [36;1mdf -h[0m
planning	Free disk space	2026-02-17T02:47:45.2475237Z shell: /usr/bin/bash --noprofile --norc -e -o pipefail {0}
planning	Free disk space	2026-02-17T02:47:45.2476335Z env:
planning	Free disk space	2026-02-17T02:47:45.2476908Z   IMAGE_NAME: egg
planning	Free disk space	2026-02-17T02:47:45.2477592Z   IMAGE_REGISTRY: ghcr.io/hanthor
planning	Free disk space	2026-02-17T02:47:45.2479714Z   BST2_IMAGE: registry.gitlab.com/freedesktop-sdk/infrastructure/freedesktop-sdk-docker-images/bst2:f89b4aef847ef040b345acceda15a850219eb8f1
planning	Free disk space	2026-02-17T02:47:45.2481764Z   CACHE_GRPC_PORT: 9092
planning	Free disk space	2026-02-17T02:47:45.2482468Z   CACHE_HTTP_PORT: 8080
planning	Free disk space	2026-02-17T02:47:45.2483152Z ##[endgroup]
planning	Free disk space	2026-02-17T02:47:45.2623086Z ==> Available space before cleanup
planning	Free disk space	2026-02-17T02:47:45.2638027Z Filesystem      Size  Used Avail Use% Mounted on
planning	Free disk space	2026-02-17T02:47:45.2639610Z /dev/root       145G   53G   92G  37% /
planning	Free disk space	2026-02-17T02:47:45.2640547Z tmpfs           7.9G   84K  7.9G   1% /dev/shm
planning	Free disk space	2026-02-17T02:47:45.2641494Z tmpfs           3.2G 1000K  3.2G   1% /run
planning	Free disk space	2026-02-17T02:47:45.2642397Z tmpfs           5.0M     0  5.0M   0% /run/lock
planning	Free disk space	2026-02-17T02:47:45.2643470Z efivarfs        128M   32K  128M   1% /sys/firmware/efi/efivars
planning	Free disk space	2026-02-17T02:47:45.2644520Z /dev/sda16      881M   63M  757M   8% /boot
planning	Free disk space	2026-02-17T02:47:45.2645436Z /dev/sda15      105M  6.2M   99M   6% /boot/efi
planning	Free disk space	2026-02-17T02:47:45.2646397Z tmpfs           1.6G   12K  1.6G   1% /run/user/1001
planning	Free disk space	2026-02-17T02:48:35.8721737Z ==> Available space after cleanup
planning	Free disk space	2026-02-17T02:48:35.8737500Z Filesystem      Size  Used Avail Use% Mounted on
planning	Free disk space	2026-02-17T02:48:35.8739496Z /dev/root       145G   24G  121G  17% /
planning	Free disk space	2026-02-17T02:48:35.8740928Z tmpfs           7.9G   84K  7.9G   1% /dev/shm
planning	Free disk space	2026-02-17T02:48:35.8741719Z tmpfs           3.2G 1000K  3.2G   1% /run
planning	Free disk space	2026-02-17T02:48:35.8742273Z tmpfs           5.0M     0  5.0M   0% /run/lock
planning	Free disk space	2026-02-17T02:48:35.8742899Z efivarfs        128M   32K  128M   1% /sys/firmware/efi/efivars
planning	Free disk space	2026-02-17T02:48:35.8743537Z /dev/sda16      881M   63M  757M   8% /boot
planning	Free disk space	2026-02-17T02:48:35.8744524Z /dev/sda15      105M  6.2M   99M   6% /boot/efi
planning	Free disk space	2026-02-17T02:48:35.8745114Z tmpfs           1.6G   12K  1.6G   1% /run/user/1001
planning	Checkout repository	ï»¿2026-02-17T02:48:35.9004169Z ##[group]Run actions/checkout@34e114876b0b11c390a56381ad16ebd13914f8d5
planning	Checkout repository	2026-02-17T02:48:35.9004902Z with:
planning	Checkout repository	2026-02-17T02:48:35.9005276Z   repository: hanthor/egg
planning	Checkout repository	2026-02-17T02:48:35.9005983Z   token: ***
planning	Checkout repository	2026-02-17T02:48:35.9006389Z   ssh-strict: true
planning	Checkout repository	2026-02-17T02:48:35.9006853Z   ssh-user: git
planning	Checkout repository	2026-02-17T02:48:35.9007262Z   persist-credentials: true
planning	Checkout repository	2026-02-17T02:48:35.9007689Z   clean: true
planning	Checkout repository	2026-02-17T02:48:35.9008075Z   sparse-checkout-cone-mode: true
planning	Checkout repository	2026-02-17T02:48:35.9008524Z   fetch-depth: 1
planning	Checkout repository	2026-02-17T02:48:35.9009162Z   fetch-tags: false
planning	Checkout repository	2026-02-17T02:48:35.9009604Z   show-progress: true
planning	Checkout repository	2026-02-17T02:48:35.9010030Z   lfs: false
planning	Checkout repository	2026-02-17T02:48:35.9010386Z   submodules: false
planning	Checkout repository	2026-02-17T02:48:35.9010749Z   set-safe-directory: true
planning	Checkout repository	2026-02-17T02:48:35.9011021Z env:
planning	Checkout repository	2026-02-17T02:48:35.9011216Z   IMAGE_NAME: egg
planning	Checkout repository	2026-02-17T02:48:35.9011456Z   IMAGE_REGISTRY: ghcr.io/hanthor
planning	Checkout repository	2026-02-17T02:48:35.9012375Z   BST2_IMAGE: registry.gitlab.com/freedesktop-sdk/infrastructure/freedesktop-sdk-docker-images/bst2:f89b4aef847ef040b345acceda15a850219eb8f1
planning	Checkout repository	2026-02-17T02:48:35.9013083Z   CACHE_GRPC_PORT: 9092
planning	Checkout repository	2026-02-17T02:48:35.9013363Z   CACHE_HTTP_PORT: 8080
planning	Checkout repository	2026-02-17T02:48:35.9013597Z ##[endgroup]
planning	Checkout repository	2026-02-17T02:48:36.0137479Z Syncing repository: hanthor/egg
planning	Checkout repository	2026-02-17T02:48:36.0139680Z ##[group]Getting Git version info
planning	Checkout repository	2026-02-17T02:48:36.0140321Z Working directory is '/home/runner/work/egg/egg'
planning	Checkout repository	2026-02-17T02:48:36.0141169Z [command]/usr/bin/git version
planning	Checkout repository	2026-02-17T02:48:36.0150893Z git version 2.52.0
planning	Checkout repository	2026-02-17T02:48:36.0178016Z ##[endgroup]
planning	Checkout repository	2026-02-17T02:48:36.0195076Z Temporarily overriding HOME='/home/runner/work/_temp/0636cedb-b02a-4c50-9479-b34b2a8de27e' before making global git config changes
planning	Checkout repository	2026-02-17T02:48:36.0196506Z Adding repository directory to the temporary git global config as a safe directory
planning	Checkout repository	2026-02-17T02:48:36.0202205Z [command]/usr/bin/git config --global --add safe.directory /home/runner/work/egg/egg
planning	Checkout repository	2026-02-17T02:48:36.0244586Z Deleting the contents of '/home/runner/work/egg/egg'
planning	Checkout repository	2026-02-17T02:48:36.0248516Z ##[group]Initializing the repository
planning	Checkout repository	2026-02-17T02:48:36.0253463Z [command]/usr/bin/git init /home/runner/work/egg/egg
planning	Checkout repository	2026-02-17T02:48:36.0357282Z hint: Using 'master' as the name for the initial branch. This default branch name
planning	Checkout repository	2026-02-17T02:48:36.0358556Z hint: will change to "main" in Git 3.0. To configure the initial branch name
planning	Checkout repository	2026-02-17T02:48:36.0359392Z hint: to use in all of your new repositories, which will suppress this warning,
planning	Checkout repository	2026-02-17T02:48:36.0359820Z hint: call:
planning	Checkout repository	2026-02-17T02:48:36.0360024Z hint:
planning	Checkout repository	2026-02-17T02:48:36.0360323Z hint: 	git config --global init.defaultBranch <name>
planning	Checkout repository	2026-02-17T02:48:36.0360815Z hint:
planning	Checkout repository	2026-02-17T02:48:36.0361401Z hint: Names commonly chosen instead of 'master' are 'main', 'trunk' and
planning	Checkout repository	2026-02-17T02:48:36.0362247Z hint: 'development'. The just-created branch can be renamed via this command:
planning	Checkout repository	2026-02-17T02:48:36.0362665Z hint:
planning	Checkout repository	2026-02-17T02:48:36.0363047Z hint: 	git branch -m <name>
planning	Checkout repository	2026-02-17T02:48:36.0363513Z hint:
planning	Checkout repository	2026-02-17T02:48:36.0364147Z hint: Disable this message with "git config set advice.defaultBranchName false"
planning	Checkout repository	2026-02-17T02:48:36.0365167Z Initialized empty Git repository in /home/runner/work/egg/egg/.git/
planning	Checkout repository	2026-02-17T02:48:36.0375571Z [command]/usr/bin/git remote add origin https://github.com/hanthor/egg
planning	Checkout repository	2026-02-17T02:48:36.0411925Z ##[endgroup]
planning	Checkout repository	2026-02-17T02:48:36.0412715Z ##[group]Disabling automatic garbage collection
planning	Checkout repository	2026-02-17T02:48:36.0417614Z [command]/usr/bin/git config --local gc.auto 0
planning	Checkout repository	2026-02-17T02:48:36.0447360Z ##[endgroup]
planning	Checkout repository	2026-02-17T02:48:36.0448107Z ##[group]Setting up auth
planning	Checkout repository	2026-02-17T02:48:36.0455713Z [command]/usr/bin/git config --local --name-only --get-regexp core\.sshCommand
planning	Checkout repository	2026-02-17T02:48:36.0487791Z [command]/usr/bin/git submodule foreach --recursive sh -c "git config --local --name-only --get-regexp 'core\.sshCommand' && git config --local --unset-all 'core.sshCommand' || :"
planning	Checkout repository	2026-02-17T02:48:36.0848267Z [command]/usr/bin/git config --local --name-only --get-regexp http\.https\:\/\/github\.com\/\.extraheader
planning	Checkout repository	2026-02-17T02:48:36.0883202Z [command]/usr/bin/git submodule foreach --recursive sh -c "git config --local --name-only --get-regexp 'http\.https\:\/\/github\.com\/\.extraheader' && git config --local --unset-all 'http.https://github.com/.extraheader' || :"
planning	Checkout repository	2026-02-17T02:48:36.1127607Z [command]/usr/bin/git config --local --name-only --get-regexp ^includeIf\.gitdir:
planning	Checkout repository	2026-02-17T02:48:36.1165442Z [command]/usr/bin/git submodule foreach --recursive git config --local --show-origin --name-only --get-regexp remote.origin.url
planning	Checkout repository	2026-02-17T02:48:36.1415617Z [command]/usr/bin/git config --local http.https://github.com/.extraheader AUTHORIZATION: basic ***
planning	Checkout repository	2026-02-17T02:48:36.1453318Z ##[endgroup]
planning	Checkout repository	2026-02-17T02:48:36.1454119Z ##[group]Fetching the repository
planning	Checkout repository	2026-02-17T02:48:36.1462906Z [command]/usr/bin/git -c protocol.version=2 fetch --no-tags --prune --no-recurse-submodules --depth=1 origin +943c5cdb1680fab85b18a2a9d5cd25036c783d3b:refs/remotes/pull/2/merge
planning	Checkout repository	2026-02-17T02:48:36.6767613Z From https://github.com/hanthor/egg
planning	Checkout repository	2026-02-17T02:48:36.6768379Z  * [new ref]         943c5cdb1680fab85b18a2a9d5cd25036c783d3b -> pull/2/merge
planning	Checkout repository	2026-02-17T02:48:36.6815204Z ##[endgroup]
planning	Checkout repository	2026-02-17T02:48:36.6815899Z ##[group]Determining the checkout info
planning	Checkout repository	2026-02-17T02:48:36.6820805Z ##[endgroup]
planning	Checkout repository	2026-02-17T02:48:36.6831752Z [command]/usr/bin/git sparse-checkout disable
planning	Checkout repository	2026-02-17T02:48:36.6903722Z [command]/usr/bin/git config --local --unset-all extensions.worktreeConfig
planning	Checkout repository	2026-02-17T02:48:36.6956654Z ##[group]Checking out the ref
planning	Checkout repository	2026-02-17T02:48:36.6962928Z [command]/usr/bin/git checkout --progress --force refs/remotes/pull/2/merge
planning	Checkout repository	2026-02-17T02:48:36.7508160Z Note: switching to 'refs/remotes/pull/2/merge'.
planning	Checkout repository	2026-02-17T02:48:36.7509047Z 
planning	Checkout repository	2026-02-17T02:48:36.7509943Z You are in 'detached HEAD' state. You can look around, make experimental
planning	Checkout repository	2026-02-17T02:48:36.7510881Z changes and commit them, and you can discard any commits you make in this
planning	Checkout repository	2026-02-17T02:48:36.7511630Z state without impacting any branches by switching back to a branch.
planning	Checkout repository	2026-02-17T02:48:36.7512067Z 
planning	Checkout repository	2026-02-17T02:48:36.7512569Z If you want to create a new branch to retain commits you create, you may
planning	Checkout repository	2026-02-17T02:48:36.7513275Z do so (now or later) by using -c with the switch command. Example:
planning	Checkout repository	2026-02-17T02:48:36.7513728Z 
planning	Checkout repository	2026-02-17T02:48:36.7514026Z   git switch -c <new-branch-name>
planning	Checkout repository	2026-02-17T02:48:36.7514317Z 
planning	Checkout repository	2026-02-17T02:48:36.7514461Z Or undo this operation with:
planning	Checkout repository	2026-02-17T02:48:36.7514701Z 
planning	Checkout repository	2026-02-17T02:48:36.7514818Z   git switch -
planning	Checkout repository	2026-02-17T02:48:36.7515010Z 
planning	Checkout repository	2026-02-17T02:48:36.7515314Z Turn off this advice by setting config variable advice.detachedHead to false
planning	Checkout repository	2026-02-17T02:48:36.7515958Z 
planning	Checkout repository	2026-02-17T02:48:36.7516696Z HEAD is now at 943c5cd Merge a1d1ad792385f383fb9f39245786d269db967158 into 64741dbb8cfc41ef04228a075698457e4f2004aa
planning	Checkout repository	2026-02-17T02:48:36.7527479Z ##[endgroup]
planning	Checkout repository	2026-02-17T02:48:36.7590921Z [command]/usr/bin/git log -1 --format=%H
planning	Checkout repository	2026-02-17T02:48:36.7617975Z 943c5cdb1680fab85b18a2a9d5cd25036c783d3b
planning	Pull BuildStream container image	ï»¿2026-02-17T02:48:36.7767760Z ##[group]Run podman pull "$BST2_IMAGE"
planning	Pull BuildStream container image	2026-02-17T02:48:36.7768258Z [36;1mpodman pull "$BST2_IMAGE"[0m
planning	Pull BuildStream container image	2026-02-17T02:48:36.7855329Z shell: /usr/bin/bash -e {0}
planning	Pull BuildStream container image	2026-02-17T02:48:36.7855867Z env:
planning	Pull BuildStream container image	2026-02-17T02:48:36.7856041Z   IMAGE_NAME: egg
planning	Pull BuildStream container image	2026-02-17T02:48:36.7856507Z   IMAGE_REGISTRY: ghcr.io/hanthor
planning	Pull BuildStream container image	2026-02-17T02:48:36.7857912Z   BST2_IMAGE: registry.gitlab.com/freedesktop-sdk/infrastructure/freedesktop-sdk-docker-images/bst2:f89b4aef847ef040b345acceda15a850219eb8f1
planning	Pull BuildStream container image	2026-02-17T02:48:36.7859694Z   CACHE_GRPC_PORT: 9092
planning	Pull BuildStream container image	2026-02-17T02:48:36.7860196Z   CACHE_HTTP_PORT: 8080
planning	Pull BuildStream container image	2026-02-17T02:48:36.7860517Z ##[endgroup]
planning	Pull BuildStream container image	2026-02-17T02:48:36.9317629Z Trying to pull registry.gitlab.com/freedesktop-sdk/infrastructure/freedesktop-sdk-docker-images/bst2:f89b4aef847ef040b345acceda15a850219eb8f1...
planning	Pull BuildStream container image	2026-02-17T02:48:37.9594070Z Getting image source signatures
planning	Pull BuildStream container image	2026-02-17T02:48:37.9595153Z Copying blob sha256:310d34cd6fa6ba2610968900e09f45a69236bcc45dd78af2ac13023212bd914c
planning	Pull BuildStream container image	2026-02-17T02:48:37.9596311Z Copying blob sha256:9b141fb22193d37cff5e81fb83503ca4708ad99449adf45bf4e7c60a4c141f1c
planning	Pull BuildStream container image	2026-02-17T02:48:54.9437024Z Copying config sha256:5006b72956f5bf0ae195974af2770fbb6f503e267397810846ac3ba73df4836f
planning	Pull BuildStream container image	2026-02-17T02:48:54.9453047Z Writing manifest to image destination
planning	Pull BuildStream container image	2026-02-17T02:48:55.0365677Z 5006b72956f5bf0ae195974af2770fbb6f503e267397810846ac3ba73df4836f
planning	Cache BuildStream sources	ï»¿2026-02-17T02:48:55.1651270Z ##[group]Run actions/cache@v4
planning	Cache BuildStream sources	2026-02-17T02:48:55.1651526Z with:
planning	Cache BuildStream sources	2026-02-17T02:48:55.1651751Z   path: .cache/buildstream/sources
planning	Cache BuildStream sources	2026-02-17T02:48:55.1652171Z   key: bst-sources-Linux-3870696863d2b71c22eb904338418fd389e67b919bf27ec1ab4448b2e0ff4ac6
planning	Cache BuildStream sources	2026-02-17T02:48:55.1652610Z   restore-keys: bst-sources-Linux-
planning	Cache BuildStream sources	
planning	Cache BuildStream sources	2026-02-17T02:48:55.1652862Z   enableCrossOsArchive: false
planning	Cache BuildStream sources	2026-02-17T02:48:55.1653084Z   fail-on-cache-miss: false
planning	Cache BuildStream sources	2026-02-17T02:48:55.1653305Z   lookup-only: false
planning	Cache BuildStream sources	2026-02-17T02:48:55.1653502Z   save-always: false
planning	Cache BuildStream sources	2026-02-17T02:48:55.1653672Z env:
planning	Cache BuildStream sources	2026-02-17T02:48:55.1654011Z   IMAGE_NAME: egg
planning	Cache BuildStream sources	2026-02-17T02:48:55.1654199Z   IMAGE_REGISTRY: ghcr.io/hanthor
planning	Cache BuildStream sources	2026-02-17T02:48:55.1654777Z   BST2_IMAGE: registry.gitlab.com/freedesktop-sdk/infrastructure/freedesktop-sdk-docker-images/bst2:f89b4aef847ef040b345acceda15a850219eb8f1
planning	Cache BuildStream sources	2026-02-17T02:48:55.1655372Z   CACHE_GRPC_PORT: 9092
planning	Cache BuildStream sources	2026-02-17T02:48:55.1655561Z   CACHE_HTTP_PORT: 8080
planning	Cache BuildStream sources	2026-02-17T02:48:55.1655748Z ##[endgroup]
planning	Cache BuildStream sources	2026-02-17T02:48:55.5638164Z Cache hit for: bst-sources-Linux-3870696863d2b71c22eb904338418fd389e67b919bf27ec1ab4448b2e0ff4ac6
planning	Cache BuildStream sources	2026-02-17T02:48:56.8414943Z Received 4194304 of 6712141 (62.5%), 4.0 MBs/sec
planning	Cache BuildStream sources	2026-02-17T02:48:56.9595464Z Received 6712141 of 6712141 (100.0%), 5.7 MBs/sec
planning	Cache BuildStream sources	2026-02-17T02:48:56.9596119Z Cache Size: ~6 MB (6712141 B)
planning	Cache BuildStream sources	2026-02-17T02:48:56.9628058Z [command]/usr/bin/tar -xf /home/runner/work/_temp/99885e23-9047-46fd-b72f-92445b2efead/cache.tzst -P -C /home/runner/work/egg/egg --use-compress-program unzstd
planning	Cache BuildStream sources	2026-02-17T02:48:56.9797374Z Cache restored successfully
planning	Cache BuildStream sources	2026-02-17T02:48:56.9890584Z Cache restored from key: bst-sources-Linux-3870696863d2b71c22eb904338418fd389e67b919bf27ec1ab4448b2e0ff4ac6
planning	Cache BuildStream sources	ï»¿2026-02-17T02:48:57.0873342Z ##[group]Run actions/cache@v4
planning	Cache BuildStream sources	2026-02-17T02:48:57.0873605Z with:
planning	Cache BuildStream sources	2026-02-17T02:48:57.0873796Z   path: .cache/buildstream/sources
planning	Cache BuildStream sources	2026-02-17T02:48:57.0874232Z   key: bst-sources-Linux-3870696863d2b71c22eb904338418fd389e67b919bf27ec1ab4448b2e0ff4ac6
planning	Cache BuildStream sources	2026-02-17T02:48:57.0874682Z   restore-keys: bst-sources-Linux-
planning	Cache BuildStream sources	
planning	Cache BuildStream sources	2026-02-17T02:48:57.0874946Z   enableCrossOsArchive: false
planning	Cache BuildStream sources	2026-02-17T02:48:57.0875178Z   fail-on-cache-miss: false
planning	Cache BuildStream sources	2026-02-17T02:48:57.0875385Z   lookup-only: false
planning	Cache BuildStream sources	2026-02-17T02:48:57.0875577Z   save-always: false
planning	Cache BuildStream sources	2026-02-17T02:48:57.0875753Z env:
planning	Cache BuildStream sources	2026-02-17T02:48:57.0875905Z   IMAGE_NAME: egg
planning	Cache BuildStream sources	2026-02-17T02:48:57.0876096Z   IMAGE_REGISTRY: ghcr.io/hanthor
planning	Cache BuildStream sources	2026-02-17T02:48:57.0876688Z   BST2_IMAGE: registry.gitlab.com/freedesktop-sdk/infrastructure/freedesktop-sdk-docker-images/bst2:f89b4aef847ef040b345acceda15a850219eb8f1
planning	Cache BuildStream sources	2026-02-17T02:48:57.0877306Z   CACHE_GRPC_PORT: 9092
planning	Cache BuildStream sources	2026-02-17T02:48:57.0877501Z   CACHE_HTTP_PORT: 8080
planning	Cache BuildStream sources	2026-02-17T02:48:57.0877687Z ##[endgroup]
planning	Cache BuildStream sources	2026-02-17T02:48:57.4588137Z Cache hit for: bst-sources-Linux-3870696863d2b71c22eb904338418fd389e67b919bf27ec1ab4448b2e0ff4ac6
planning	Cache BuildStream sources	2026-02-17T02:48:58.7216196Z Received 6712141 of 6712141 (100.0%), 6.6 MBs/sec
planning	Cache BuildStream sources	2026-02-17T02:48:58.7217414Z Cache Size: ~6 MB (6712141 B)
planning	Cache BuildStream sources	2026-02-17T02:48:58.7247549Z [command]/usr/bin/tar -xf /home/runner/work/_temp/72a3454f-024a-49bf-84c7-13aad9c4a0c7/cache.tzst -P -C /home/runner/work/egg/egg --use-compress-program unzstd
planning	Cache BuildStream sources	2026-02-17T02:48:58.7473124Z Cache restored successfully
planning	Cache BuildStream sources	2026-02-17T02:48:58.7566687Z Cache restored from key: bst-sources-Linux-3870696863d2b71c22eb904338418fd389e67b919bf27ec1ab4448b2e0ff4ac6
planning	Generate BuildStream CI config	ï»¿2026-02-17T02:48:58.7652575Z ##[group]Run ./scripts/setup-buildstream.sh
planning	Generate BuildStream CI config	2026-02-17T02:48:58.7652919Z [36;1m./scripts/setup-buildstream.sh[0m
planning	Generate BuildStream CI config	2026-02-17T02:48:58.7697073Z shell: /usr/bin/bash -e {0}
planning	Generate BuildStream CI config	2026-02-17T02:48:58.7697305Z env:
planning	Generate BuildStream CI config	2026-02-17T02:48:58.7697494Z   IMAGE_NAME: egg
planning	Generate BuildStream CI config	2026-02-17T02:48:58.7697695Z   IMAGE_REGISTRY: ghcr.io/hanthor
planning	Generate BuildStream CI config	2026-02-17T02:48:58.7698304Z   BST2_IMAGE: registry.gitlab.com/freedesktop-sdk/infrastructure/freedesktop-sdk-docker-images/bst2:f89b4aef847ef040b345acceda15a850219eb8f1
planning	Generate BuildStream CI config	2026-02-17T02:48:58.7699255Z   CACHE_GRPC_PORT: 9092
planning	Generate BuildStream CI config	2026-02-17T02:48:58.7699486Z   CACHE_HTTP_PORT: 8080
planning	Generate BuildStream CI config	2026-02-17T02:48:58.7699681Z ##[endgroup]
planning	Generate BuildStream CI config	2026-02-17T02:48:58.7808269Z scheduler:
planning	Generate BuildStream CI config	2026-02-17T02:48:58.7808604Z   on-error: continue
planning	Generate BuildStream CI config	2026-02-17T02:48:58.7809107Z   fetchers: 12
planning	Generate BuildStream CI config	2026-02-17T02:48:58.7809416Z   builders: 1
planning	Generate BuildStream CI config	2026-02-17T02:48:58.7809713Z   network-retries: 3
planning	Generate BuildStream CI config	2026-02-17T02:48:58.7809927Z 
planning	Generate BuildStream CI config	2026-02-17T02:48:58.7810042Z logging:
planning	Generate BuildStream CI config	2026-02-17T02:48:58.7810573Z   message-format: '[%{wallclock}][%{elapsed}][%{key}][%{element}] %{action} %{message}'
planning	Generate BuildStream CI config	2026-02-17T02:48:58.7811295Z   error-lines: 80
planning	Generate BuildStream CI config	2026-02-17T02:48:58.7811487Z 
planning	Generate BuildStream CI config	2026-02-17T02:48:58.7811599Z build:
planning	Generate BuildStream CI config	2026-02-17T02:48:58.7811888Z   max-jobs: 0
planning	Generate BuildStream CI config	2026-02-17T02:48:58.7812195Z   retry-failed: True
planning	Generate BuildStream CI config	2026-02-17T02:48:58.7812558Z 
planning	Generate BuildStream CI config	2026-02-17T02:48:58.7812626Z cache:
planning	Generate BuildStream CI config	2026-02-17T02:48:58.7812801Z   cache-buildtrees: never
planning	Generate Build Matrix	ï»¿2026-02-17T02:48:58.7835706Z ##[group]Run mkdir -p .cache/buildstream
planning	Generate Build Matrix	2026-02-17T02:48:58.7836050Z [36;1mmkdir -p .cache/buildstream[0m
planning	Generate Build Matrix	2026-02-17T02:48:58.7836308Z [36;1mmkdir -p logs[0m
planning	Generate Build Matrix	2026-02-17T02:48:58.7836667Z [36;1m# Run the script inside container to ensure python/bst environment matches[0m
planning	Generate Build Matrix	2026-02-17T02:48:58.7837121Z [36;1mpodman run --rm --privileged --device /dev/fuse \[0m
planning	Generate Build Matrix	2026-02-17T02:48:58.7837514Z [36;1m  --security-opt apparmor=unconfined --cap-add SYS_ADMIN \[0m
planning	Generate Build Matrix	2026-02-17T02:48:58.7837891Z [36;1m  -v "/home/runner/work/egg/egg:/src:rw" \[0m
planning	Generate Build Matrix	2026-02-17T02:48:58.7838316Z [36;1m  -v "/home/runner/work/egg/egg/.cache/buildstream:/root/.cache/buildstream:rw" \[0m
planning	Generate Build Matrix	2026-02-17T02:48:58.7838710Z [36;1m  -w /src \[0m
planning	Generate Build Matrix	2026-02-17T02:48:58.7839156Z [36;1m  "$BST2_IMAGE" \[0m
planning	Generate Build Matrix	2026-02-17T02:48:58.7859896Z [36;1m  "$BST2_IMAGE" \[0m
planning	Generate Build Matrix	2026-02-17T02:48:58.7860317Z [36;1m  python3 scripts/generate-build-matrix.py oci/bluefin.bst 20 > matrix.json[0m
planning	Generate Build Matrix	2026-02-17T02:48:58.7860728Z [36;1m[0m
planning	Generate Build Matrix	2026-02-17T02:48:58.7860941Z [36;1mcat matrix.json[0m
planning	Generate Build Matrix	2026-02-17T02:48:58.7861245Z [36;1m# Output keys for strategy.matrix (e.g. ["chunk1", "chunk2"])[0m
planning	Generate Build Matrix	2026-02-17T02:48:58.7861941Z [36;1mpython3 -c "import json; data = json.load(open('matrix.json')); print(f'matrix_keys={json.dumps(list(data[\"matrix\"].keys()))}')" >> "$GITHUB_OUTPUT"[0m
planning	Generate Build Matrix	2026-02-17T02:48:58.7862675Z [36;1m# Output full data for looking up targets (e.g. {"chunk1": "target1 target2"})[0m
planning	Generate Build Matrix	2026-02-17T02:48:58.7863384Z [36;1mpython3 -c "import json; data = json.load(open('matrix.json')); print(f'matrix_data={json.dumps(data[\"matrix\"])}')" >> "$GITHUB_OUTPUT"[0m
planning	Generate Build Matrix	2026-02-17T02:48:58.7863958Z [36;1m# Output final target[0m
planning	Generate Build Matrix	2026-02-17T02:48:58.7864458Z [36;1mpython3 -c "import json; data = json.load(open('matrix.json')); print(f'final_target={data[\"final\"]}')" >> "$GITHUB_OUTPUT"[0m
planning	Generate Build Matrix	2026-02-17T02:48:58.7904709Z shell: /usr/bin/bash -e {0}
planning	Generate Build Matrix	2026-02-17T02:48:58.7904944Z env:
planning	Generate Build Matrix	2026-02-17T02:48:58.7905112Z   IMAGE_NAME: egg
planning	Generate Build Matrix	2026-02-17T02:48:58.7905314Z   IMAGE_REGISTRY: ghcr.io/hanthor
planning	Generate Build Matrix	2026-02-17T02:48:58.7905931Z   BST2_IMAGE: registry.gitlab.com/freedesktop-sdk/infrastructure/freedesktop-sdk-docker-images/bst2:f89b4aef847ef040b345acceda15a850219eb8f1
planning	Generate Build Matrix	2026-02-17T02:48:58.7906543Z   CACHE_GRPC_PORT: 9092
planning	Generate Build Matrix	2026-02-17T02:48:58.7906742Z   CACHE_HTTP_PORT: 8080
planning	Generate Build Matrix	2026-02-17T02:48:58.7906938Z ##[endgroup]
planning	Generate Build Matrix	2026-02-17T02:48:58.9773991Z Error: crun: executable file `registry.gitlab.com/freedesktop-sdk/infrastructure/freedesktop-sdk-docker-images/bst2:f89b4aef847ef040b345acceda15a850219eb8f1` not found in $PATH: No such file or directory: OCI runtime attempted to invoke a command that was not found
planning	Generate Build Matrix	2026-02-17T02:48:58.9821987Z ##[error]Process completed with exit code 127.
planning	Upload planning logs	ï»¿2026-02-17T02:48:58.9895172Z ##[group]Run actions/upload-artifact@ea165f8d65b6e75b540449e92b4886f43607fa02
planning	Upload planning logs	2026-02-17T02:48:58.9895575Z with:
planning	Upload planning logs	2026-02-17T02:48:58.9895774Z   name: planning-logs
planning	Upload planning logs	2026-02-17T02:48:58.9895969Z   path: logs/
planning	Upload planning logs	2026-02-17T02:48:58.9896151Z   retention-days: 7
planning	Upload planning logs	2026-02-17T02:48:58.9896355Z   if-no-files-found: ignore
planning	Upload planning logs	2026-02-17T02:48:58.9896577Z   compression-level: 6
planning	Upload planning logs	2026-02-17T02:48:58.9896840Z   overwrite: false
planning	Upload planning logs	2026-02-17T02:48:58.9897065Z   include-hidden-files: false
planning	Upload planning logs	2026-02-17T02:48:58.9897281Z env:
planning	Upload planning logs	2026-02-17T02:48:58.9897441Z   IMAGE_NAME: egg
planning	Upload planning logs	2026-02-17T02:48:58.9897636Z   IMAGE_REGISTRY: ghcr.io/hanthor
planning	Upload planning logs	2026-02-17T02:48:58.9898249Z   BST2_IMAGE: registry.gitlab.com/freedesktop-sdk/infrastructure/freedesktop-sdk-docker-images/bst2:f89b4aef847ef040b345acceda15a850219eb8f1
planning	Upload planning logs	2026-02-17T02:48:58.9898859Z   CACHE_GRPC_PORT: 9092
planning	Upload planning logs	2026-02-17T02:48:58.9899398Z   CACHE_HTTP_PORT: 8080
planning	Upload planning logs	2026-02-17T02:48:58.9899606Z ##[endgroup]
planning	Upload planning logs	2026-02-17T02:48:59.2177391Z No files were found with the provided path: logs/. No artifacts will be uploaded.
planning	Post Checkout repository	ï»¿2026-02-17T02:48:59.2322283Z Post job cleanup.
planning	Post Checkout repository	2026-02-17T02:48:59.3267141Z [command]/usr/bin/git version
planning	Post Checkout repository	2026-02-17T02:48:59.3319586Z git version 2.52.0
planning	Post Checkout repository	2026-02-17T02:48:59.3382039Z Temporarily overriding HOME='/home/runner/work/_temp/b0a05758-0a71-4679-bafc-55c4e9606fca' before making global git config changes
planning	Post Checkout repository	2026-02-17T02:48:59.3383204Z Adding repository directory to the temporary git global config as a safe directory
planning	Post Checkout repository	2026-02-17T02:48:59.3400170Z [command]/usr/bin/git config --global --add safe.directory /home/runner/work/egg/egg
planning	Post Checkout repository	2026-02-17T02:48:59.3440124Z [command]/usr/bin/git config --local --name-only --get-regexp core\.sshCommand
planning	Post Checkout repository	2026-02-17T02:48:59.3476223Z [command]/usr/bin/git submodule foreach --recursive sh -c "git config --local --name-only --get-regexp 'core\.sshCommand' && git config --local --unset-all 'core.sshCommand' || :"
planning	Post Checkout repository	2026-02-17T02:48:59.3718585Z [command]/usr/bin/git config --local --name-only --get-regexp http\.https\:\/\/github\.com\/\.extraheader
planning	Post Checkout repository	2026-02-17T02:48:59.3740276Z http.https://github.com/.extraheader
planning	Post Checkout repository	2026-02-17T02:48:59.3753136Z [command]/usr/bin/git config --local --unset-all http.https://github.com/.extraheader
planning	Post Checkout repository	2026-02-17T02:48:59.3784161Z [command]/usr/bin/git submodule foreach --recursive sh -c "git config --local --name-only --get-regexp 'http\.https\:\/\/github\.com\/\.extraheader' && git config --local --unset-all 'http.https://github.com/.extraheader' || :"
planning	Post Checkout repository	2026-02-17T02:48:59.4016702Z [command]/usr/bin/git config --local --name-only --get-regexp ^includeIf\.gitdir:
planning	Post Checkout repository	2026-02-17T02:48:59.4048421Z [command]/usr/bin/git submodule foreach --recursive git config --local --show-origin --name-only --get-regexp remote.origin.url
planning	Complete job	ï»¿2026-02-17T02:48:59.4381299Z Evaluate and set job outputs
planning	Complete job	2026-02-17T02:48:59.4387515Z Cleaning up orphan processes
planning	Complete job	2026-02-17T02:48:59.4685643Z Terminate orphan process: pid (2292) (catatonit)
